1.831 h#READY level=1
15.016 13185932,0
15.016 13185944,0
15.019 13186260,1
15.019 13186724,0
15.019 13186812,1
15.022 13186824,1
15.022 13186896,0
15.022 13187236,1
15.024 13187388,0
15.024 13187576,0
15.029 13187592,0
15.030 13188296,0
15.030 13188308,0
15.035 13205044,1
15.035 13205072,0
15.038 13205176,1
15.038 13205336,0
15.038 13205788,1
15.041 13205800,1
15.041 13206028,0
15.041 13206128,1
15.043 13206144,1
15.043 13206184,0
15.046 13206196,0
15.046 13206364,1
15.046 13206376,1
15.049 13206424,0
15.049 13206436,0
15.049 13206508,1
15.052 13206764,0
15.052 13207200,1
15.054 13207232,0
15.054 13207340,1
15.054 13208948,0
15.057 13209012,1
15.057 13209056,0
15.057 13209128,1
15.060 13209240,0
15.060 13209276,1
15.062 13209412,0
15.062 13209432,1
15.062 13209752,0
15.065 13209796,1
15.065 13209920,0
15.065 13209964,0
15.068 13209976,0
15.068 13210060,1
15.071 13210072,1
15.071 13210260,0
15.071 13210292,1
15.073 13210308,1
15.073 13210388,0
15.073 13210400,0
15.076 13210448,1
15.076 13210568,0
15.079 13210592,0
15.079 13210604,0
15.079 13210712,1
15.081 13211824,0
15.082 13211992,1
15.082 13212032,0
15.084 13212084,1
15.084 13212936,0
15.087 13212948,0
15.087 13213000,1
15.087 13213724,0
15.090 13213784,1
15.090 13213796,1
15.090 13213916,0
15.092 13214004,1
15.092 13214016,1
15.095 13214104,0
15.095 13214176,1
15.095 13214312,0
15.098 13214388,1
15.098 13214400,1
15.098 13215116,0
15.101 13215132,0
15.101 13215360,0
15.103 13215376,1
15.103 13215388,1
15.103 13215448,0
15.106 13215560,1
15.106 13215896,0
15.106 13215912,0
15.109 13215924,1
15.109 13215936,1
15.111 13216092,1
15.111 13216104,1
15.112 13216120,0
15.114 13216360,1
15.114 13216560,0
15.114 13216628,1
15.117 13216776,0
15.117 13216788,0
15.120 13216800,0
15.120 13216816,0
15.120 13216828,0
15.122 13216840,0
15.122 13216952,1
15.122 13216968,0
15.125 13217200,1
15.125 13217212,0
15.128 13217236,1
15.128 13217280,0
15.128 13217296,0
15.130 13217308,0
15.131 13217388,1
15.131 13217712,0
15.133 13217724,1
15.133 13217736,1
15.136 13217780,0
15.136 13217820,1
15.136 13217832,1
15.138 13217844,1
15.139 13217864,0
15.139 13217880,0
15.141 13217900,1
15.141 13217924,0
15.144 13217944,0
15.144 13217960,1
15.144 13217976,1
15.147 13217988,0
15.147 13218000,0
15.147 13218020,1
15.149 13218036,0
15.150 13218048,0
15.152 13218132,1
15.152 13218168,1
15.152 13218180,1
15.155 13218380,0
15.155 13218396,0
15.155 13218412,1
15.158 13218428,1
15.158 13218472,0
15.160 13218700,1
15.161 13218732,0
15.161 13218752,0
15.163 13218764,0
15.163 13218932,1
15.163 13219088,0
15.166 13219444,0
15.166 13219456,0
15.169 13219468,0
15.169 13219512,0
15.169 13219524,0
15.171 13219704,1
15.171 13219888,0
15.171 13219900,0
15.174 13220012,1
15.174 13220024,0
15.177 13220244,0
15.177 13220260,0
15.177 13220448,1
15.179 13220592,0
15.180 13220744,1
15.180 13220756,0
15.182 13221188,1
15.182 13221212,0
15.185 13221232,1
15.185 13221332,0
15.185 13221488,1
15.188 13221508,0
15.188 13221720,1
15.188 13221872,0
15.190 13221984,1
15.190 13222084,0
15.193 13222260,1
15.193 13222356,0
15.193 13222472,1
15.196 13222640,0
15.196 13222764,1
15.196 13222876,0
15.198 13223012,1
15.199 13223128,0
15.201 13223216,0
15.201 13223228,1
15.201 13223244,1
15.204 13223396,0
15.204 13223520,1
15.204 13223632,0
15.207 13223744,1
15.207 13223884,0
15.209 13224016,1
15.209 13224104,0
15.209 13224328,1
15.212 13224344,1
15.212 13224372,0
15.212 13224508,1
15.215 13224648,0
15.215 13224820,1
15.217 13224840,0
15.218 13225024,1
15.218 13225136,0
15.220 13225316,1
15.220 13225360,0
15.220 13225600,1
15.223 13225652,0
15.223 13225780,1
15.226 13225796,0
15.226 13225808,0
15.226 13225828,1
15.228 13225892,0
15.228 13226044,1
15.229 13226164,0
15.231 13226276,1
15.231 13226404,0
15.234 13226520,1
15.234 13226680,0
15.234 13226796,0
15.237 13226808,1
15.237 13226828,1
15.237 13226840,0
15.239 13227100,1
15.239 13227168,0
15.242 13227288,1
15.242 13227392,0
15.242 13227552,1
15.245 13227692,0
15.245 13227816,1
15.245 13227948,0
15.247 13228136,1
15.248 13228188,0
15.250 13228312,1
15.250 13228436,0
15.250 13228548,1
15.253 13228684,0
15.253 13228816,1
15.253 13228940,0
15.255 13229132,1
15.256 13229196,0
15.258 13229320,1
15.258 13229460,0
15.258 13229624,0
15.261 13229636,0
15.261 13229648,1
15.261 13229704,0
15.264 13229820,0
15.264 13229832,1
15.266 13229968,0
15.267 13230072,0
15.267 13230088,0
15.269 13230152,1
15.269 13230216,0
15.269 13230324,1
15.272 13230480,0
15.272 13230660,0
15.275 13230676,0
15.275 13231180,0
15.275 13231192,0
15.277 13231672,0
15.277 13231684,0
15.277 13232180,1
15.280 13232220,0
15.280 13232432,1
15.283 13232452,0
15.283 13232468,0
15.283 13232688,0
15.285 13232728,0
15.286 13232940,0
15.286 13232952,0
15.288 13234216,0
15.288 13234444,0
15.291 13234456,0
15.291 13234740,1
15.291 13234756,0
15.294 13287224,1
15.294 13339408,1
15.294 13339424,1
15.296 13339440,0
15.296 13339496,1
15.299 13339512,0
15.299 13339528,1
15.299 13339612,0
15.302 13339632,1
15.302 13339828,0
15.302 13341588,1
15.305 13341600,1
15.305 13341848,0
15.307 13341972,0
15.307 13342016,0
15.307 13342028,0
15.310 13342044,0
15.310 13342168,1
15.310 13344760,0
15.313 13345004,0
15.313 13345036,0
15.315 13345052,0
15.316 13345072,0
15.316 13345224,1
15.318 13345240,0
15.318 13345252,1
15.318 13345360,0
15.321 13345412,1
15.321 13345424,1
15.324 13347084,0
15.324 13347096,0
15.324 13347636,0
15.326 13347648,0
15.326 13347940,1
15.326 13349780,0
15.329 13349896,1
15.329 13349912,1
15.332 13349948,1
15.332 13349964,1
15.332 13349984,0
15.334 13351764,1
15.335 13352300,0
15.335 13352324,1
15.337 13352388,0
15.337 13352412,1
15.340 13352424,0
15.340 13352532,0
15.340 13352924,1
15.343 13352948,0
15.343 13353008,1
15.343 13353028,0
15.345 13353044,1
15.345 13353408,0
15.348 13353428,1
15.348 13353440,0
15.348 13353464,1
15.351 13353488,1
15.351 13353500,0
15.351 13353512,0
15.354 13353712,0
15.354 13353724,0
15.356 13353764,0
15.356 13353780,0
15.356 13353792,0
15.359 13353804,1
15.359 13353816,1
15.359 13353840,0
15.362 13353896,0
15.362 13353908,0
15.364 13353932,1
15.364 13354064,0
15.364 13354076,1
15.367 13354480,0
15.367 13355160,0
15.367 13355176,0
15.370 13355188,0
15.370 13355200,1
15.372 13355252,0
15.372 13355268,1
15.373 13355280,1
15.375 13398012,0
15.375 13457968,1
15.375 13458036,0
15.378 13459272,1
15.378 13459500,0
15.381 13460300,1
15.381 13460488,0
15.381 13461656,1
15.383 13461916,0
15.384 13462188,1
15.384 13462332,0
15.386 13462748,1
15.386 13462816,0
15.389 13464176,1
15.389 13464380,0
15.389 13465500,1
15.392 13465720,0
15.392 13468076,1
15.392 13468124,0
15.394 13470532,0
15.394 13471892,0
15.397 13473144,0
15.397 13476468,0
15.397 13477644,1
15.400 13477660,0
15.400 13478920,1
15.400 13478976,0
15.402 13481472,0
15.403 13481484,0
15.405 13482668,1
15.405 13482728,0
15.405 13485076,0
15.408 13485088,0
15.408 13485208,1
15.408 13485276,0
15.411 13486520,1
15.411 13486684,0
15.413 13487548,1
15.413 13487792,0
15.413 13489012,1
15.416 13489192,0
15.416 13490372,1
15.416 13490512,0
15.419 13491340,1
15.419 13491508,0
15.422 13492716,1
15.422 13492876,0
15.422 13493696,1
15.424 13494204,0
15.424 13495196,1
15.424 13495744,0
15.427 13496016,1
15.427 13496360,0
15.430 13496612,1
15.430 13496760,0
15.430 13497696,1
15.432 13497816,0
15.432 13499024,1
15.433 13499176,0
15.435 13500200,0
15.435 13500504,1
15.438 13500572,0
15.438 13501420,1
15.438 13501672,0
15.441 13502816,1
15.441 13503060,0
15.441 13503916,1
15.443 13504040,0
15.443 13505276,1
15.446 13505484,0
15.446 13505692,0
15.446 13505704,0
15.449 13506636,1
15.449 13506716,0
15.449 13507628,1
15.452 13507872,0
15.452 13509056,1
15.454 13509292,0
15.454 13509548,1
15.454 13509692,0
15.457 13510144,1
15.457 13510200,0
15.457 13511624,1
15.460 13511648,0
15.460 13511996,1
15.462 13512076,0
15.462 13512960,1
15.462 13513124,0
15.465 13514344,1
15.465 13514400,0
15.465 13516756,1
15.468 13516912,0
15.468 13520556,1
15.470 13520716,0
15.471 13523012,1
15.471 13523136,1
15.473 13523148,1
15.473 13523204,0
15.473 13524032,0
15.476 13524044,0
15.476 13524348,1
15.479 13524592,0
15.479 13525496,0
15.479 13525508,0
15.481 13526788,1
15.481 13527008,0
15.481 13527268,1
15.484 13527404,0
15.484 13528316,1
15.487 13528416,0
15.487 13529252,1
15.487 13529368,0
15.489 13529676,1
15.490 13529804,0
15.490 13530608,1
15.492 13530816,0
15.492 13531676,1
15.495 13531704,0
15.495 13533076,1
15.495 13533260,0
15.498 13533456,1
15.498 13533652,0
15.498 13534436,1
15.500 13534632,0
15.500 13535840,1
15.503 13536044,0
15.503 13536812,1
15.503 13537056,0
15.506 13537340,1
15.506 13537408,0
15.506 13538260,1
15.509 13538456,0
15.509 13539692,1
15.511 13539872,0
15.511 13540700,1
15.511 13540828,0
15.514 13542104,1
15.514 13542280,0
15.514 13543532,1
15.517 13543676,0
15.517 13548284,1
15.519 13548480,0
15.519 13552096,0
15.519 13552108,0
15.522 13553560,0
15.522 13569764,1
15.522 13569952,0
15.525 13572276,1
15.525 13572412,0
15.528 13576188,1
15.528 13576256,0
15.528 13577484,1
15.530 13577604,0
15.530 13579940,1
15.530 13580044,0
15.533 13582364,1
15.533 13582456,0
15.536 13619240,0
15.536 13619252,0
15.536 13625336,1
15.539 13625472,0
15.539 13641180,1
15.539 13641200,0
15.541 13645020,1
15.541 13645044,0
15.544 13648760,0
15.544 13651156,1
15.544 13651352,0
15.547 13652100,1
15.547 13652300,0
15.547 13654048,1
15.549 13654168,0
15.549 13654940,1
15.552 13655176,0
15.552 13657380,1
15.552 13657572,0
15.555 13659352,1
15.555 13679696,0
15.555 13679856,1
15.557 13680616,0
15.558 13680840,1
15.560 13680892,0
15.560 13682664,1
15.561 13682948,0
15.563 13683720,1
15.563 13683920,0
15.563 13685124,1
15.566 13685276,0
15.566 13687456,1
15.568 13687740,0
15.568 13691348,1
15.568 13691564,0
15.571 13693828,1
15.571 13693952,0
15.571 13695160,1
15.574 13695340,0
15.574 13697552,1
15.576 13697760,0
15.577 13700492,1
15.577 13700572,0
15.579 13710860,0
15.579 13710872,0
15.579 13717188,1
15.582 13717392,0
15.582 13720968,1
15.585 13721168,0
15.585 13731092,1
15.585 13731228,0
15.587 13733468,1
15.587 13733596,0
15.588 13737268,1
15.590 13737456,0
15.590 13739712,1
15.593 13739812,0
15.593 13743496,0
15.593 13743508,0
15.596 13751152,0
15.596 13751164,0
15.596 13754956,1
15.598 13755196,0
15.598 13761208,1
15.601 13761392,0
15.601 13765040,1
15.601 13765212,0
15.605 13771292,1
15.605 13771424,0
15.605 13776504,1
15.609 13776708,0
15.615 13783268,1
15.616 13783356,0
15.620 13788024,1
15.620 13788168,0
15.628 13795672,1
15.628 13795788,0
15.634 13803392,1
15.634 13803572,0
15.638 13804352,1
15.639 13804496,0
15.639 13809576,1
15.642 13809708,0
15.648 13815780,1
15.648 13815876,0
15.661 13828764,1
15.661 13828840,0
15.669 13836420,0
15.669 13836432,0
15.677 13844980,1
15.677 13845104,0
15.685 13855008,1
15.685 13855204,0
15.689 13856992,1
15.689 13857008,0
15.712 13879392,0
15.712 13879404,0
15.727 13894316,0
15.727 13894328,0
15.736 13903416,1
15.736 13903480,0
15.763 13932276,0
15.763 13932288,0
15.767 13934916,1
15.767 13935108,0
15.774 13943536,0
15.774 13945028,1
15.777 13945172,0
15.789 13956960,1
15.789 13957084,0
15.796 13964128,1
15.796 13964416,0
15.799 13967896,1
15.810 13979016,0
15.920 14087116,1
15.920 14089116,0
15.952 14121280,1
15.952 14121848,0
15.956 14123912,1
15.956 14124216,0
15.969 14136420,1
15.969 14136588,0
15.980 14147888,1
15.980 14148080,0
15.990 14158016,1
15.990 14158096,0
16.015 14182860,1
16.015 14182892,0
16.045 14212884,0
16.045 14212896,0
16.055 14222944,1
16.055 14223224,0
16.079 14247024,1
16.079 14247592,0
16.083 14250724,0
16.083 14250736,0
16.097 14265156,0
16.097 14265168,0
16.105 14272300,1
16.105 14272524,0
16.123 14290984,0
16.123 14290996,0
16.130 14297632,1
16.130 14297856,0
16.140 14307736,1
16.140 14307832,0
16.163 14330660,0
16.163 14330672,0
16.197 14365088,1
16.197 14365444,0
16.229 14396672,1
16.229 14396964,0
16.239 14407768,0
16.239 14407780,0
16.243 14410576,1
16.243 14410760,0
16.271 14438468,1
16.271 14438552,0
16.317 14484892,1
16.317 14484940,0
16.335 14502996,1
16.335 14503176,0
16.377 14545108,1
16.378 14545292,0
16.414 14581616,1
16.414 14582076,0
16.437 14604520,1
16.437 14604644,0
16.563 14731276,0
16.564 14731288,0
16.925 15092524,1
16.925 15092876,0
17.494 15663832,0
17.494 15663844,0
17.497 15663888,1
17.497 15665744,0
17.497 15665756,0
17.500 15666044,1
17.500 15666392,0
17.500 15668196,1
17.503 15668260,0
17.510 15679740,0
17.510 15679752,0
17.513 15679764,0
17.513 15679784,0
17.513 15679796,1
17.516 15679808,0
17.516 15679824,0
17.516 15679836,0
17.518 15679848,0
17.518 15679860,0
17.521 15679876,0
17.521 15679888,1
17.521 15682092,0
17.524 15682184,1
17.524 15682196,0
17.524 15682212,1
17.526 15682224,0
17.526 15682236,0
17.529 15682248,0
17.529 15682264,0
17.529 15682468,1
17.532 15682484,1
17.532 15682556,0
17.532 15682640,1
17.535 15682780,0
17.535 15682792,0
17.537 15682856,1
17.537 15682880,0
17.537 15683092,1
17.540 15683168,0
17.540 15683256,1
17.540 15683496,0
17.543 15683568,1
17.543 15683684,0
17.545 15683792,1
17.546 15683888,0
17.546 15683936,1
17.548 15684368,0
17.548 15684448,1
17.548 15684476,0
17.551 15684584,1
17.551 15686352,0
17.554 15686364,0
17.554 15686404,1
17.554 15686432,0
17.556 15686512,1
17.556 15687656,0
17.556 15687712,1
17.559 15687784,0
17.559 15687824,1
17.562 15687836,1
17.562 15688212,0
17.562 15688324,1
17.564 15688336,1
17.565 15688528,0
17.565 15688560,1
17.567 15688780,0
17.567 15688796,0
17.570 15688848,1
17.570 15688864,1
17.570 15688908,0
17.573 15688984,1
17.573 15689280,0
17.573 15689352,1
17.575 15689392,0
17.575 15689444,1
17.578 15689456,1
17.578 15689520,0
17.578 15689560,1
17.581 15689572,1
17.581 15689764,0
17.581 15689776,0
17.584 15689860,1
17.584 15689968,0
17.586 15690028,1
17.586 15690716,0
17.586 15690796,1
17.589 15691228,0
17.589 15691244,0
17.589 15691360,1
17.592 15691372,1
17.592 15691484,0
17.594 15691612,1
17.595 15691624,1
17.595 15692136,0
17.597 15692356,1
17.597 15692548,0
17.597 15692596,1
17.600 15692780,0
17.600 15692856,1
17.603 15693080,0
17.603 15693096,1
17.603 15693164,0
17.605 15693480,1
17.605 15693516,0
17.605 15693608,1
17.608 15693936,0
17.608 15694216,1
17.611 15694228,0
17.611 15694240,0
17.611 15694348,1
17.613 15694556,0
17.614 15694640,1
17.614 15694804,1
17.616 15694816,0
17.616 15694832,0
17.619 15694908,0
17.619 15694920,0
17.619 15694932,0
17.622 15694972,1
17.622 15694984,1
17.622 15695000,0
17.624 15695016,0
17.624 15695164,1
17.627 15695304,0
17.627 15695320,0
17.627 15695404,1
17.630 15695692,0
17.630 15696156,1
17.630 15696380,0
17.632 15696548,0
17.633 15696912,1
17.635 15697144,0
17.635 15698252,1
17.635 15698264,0
17.638 15698280,0
17.638 15698476,1
17.638 15698488,1
17.640 15698584,0
17.641 15698724,1
17.643 15698736,0
17.643 15698760,1
17.643 15698772,1
17.646 15698808,0
17.646 15699004,1
17.646 15699076,0
17.649 15699272,1
17.649 15699332,0
17.652 15699516,1
17.652 15699584,0
17.652 15699728,1
17.654 15699856,0
17.654 15699976,1
17.654 15700112,0
17.657 15700244,1
17.657 15700372,0
17.660 15700468,1
17.660 15700632,0
17.660 15700752,1
17.662 15700888,0
17.662 15700992,1
17.662 15701152,0
17.665 15701232,1
17.665 15701400,0
17.668 15701496,1
17.668 15701648,0
17.668 15701728,1
17.671 15701904,0
17.671 15701980,1
17.671 15702152,0
17.673 15702236,1
17.673 15702412,0
17.676 15702492,1
17.676 15702664,0
17.676 15702752,1
17.679 15702920,0
17.679 15703008,1
17.679 15703164,0
17.681 15703268,1
17.682 15703424,0
17.684 15703512,0
17.684 15703524,1
17.684 15703536,1
17.687 15703668,0
17.687 15703684,0
17.687 15703788,1
17.690 15703936,0
17.690 15704020,1
17.692 15704176,0
17.692 15704276,1
17.692 15704432,0
17.695 15704532,1
17.695 15704676,0
17.695 15704784,1
17.698 15704956,0
17.698 15705040,1
17.701 15705200,0
17.701 15705308,1
17.701 15705464,0
17.703 15705584,1
17.703 15705700,0
17.703 15705816,1
17.706 15705960,0
17.706 15706072,1
17.709 15706208,0
17.709 15706348,1
17.709 15706460,0
17.711 15706628,1
17.711 15706704,0
17.711 15706900,1
17.714 15706952,0
17.714 15707092,1
17.717 15707216,0
17.717 15707340,1
17.717 15707476,0
17.719 15707596,1
17.720 15707744,0
17.720 15707932,1
17.722 15707980,0
17.722 15709484,1
17.725 15709516,0
17.725 15710440,1
17.725 15710536,0
17.728 15710668,0
17.728 15710680,0
17.728 15710992,1
17.730 15711028,0
17.730 15711428,1
17.733 15711548,0
17.733 15711696,1
17.733 15711784,0
17.736 15712012,1
17.736 15712052,0
17.736 15712412,0
17.739 15712440,1
17.739 15712540,0
17.741 15712676,1
17.741 15712776,0
17.741 15713420,1
17.744 15713436,0
17.744 15713512,1
17.744 15713544,0
17.747 15714032,1
17.747 15714056,0
17.749 15714196,1
17.750 15714312,0
17.750 15714736,0
17.752 15714748,0
17.752 15714964,0
17.752 15714976,0
17.755 15717796,1
17.755 15717812,0
17.758 15734840,1
17.758 15734984,0
17.758 15735908,1
17.760 15735924,0
17.760 15737324,1
17.760 15737380,0
17.763 15738276,1
17.763 15738332,0
17.766 15738704,1
17.766 15738816,0
17.766 15739720,1
17.768 15739780,0
17.769 15740060,1
17.769 15740256,0
17.771 15740720,1
17.771 15740740,0
17.774 15741064,1
17.774 15741240,0
17.774 15742108,1
17.777 15742208,0
17.777 15742424,1
17.777 15742664,0
17.779 15743424,1
17.779 15743656,0
17.782 15743908,1
17.782 15743920,0
17.782 15744852,1
17.785 15745044,0
17.785 15746300,1
17.785 15746372,0
17.788 15747268,1
17.788 15747460,0
17.790 15748680,1
17.790 15748964,0
17.790 15749700,1
17.793 15749904,0
17.793 15750132,1
17.793 15750404,0
17.796 15750732,1
17.796 15750924,0
17.798 15751048,1
17.799 15751404,0
17.799 15751596,1
17.801 15751820,0
17.801 15752036,1
17.801 15752336,0
17.804 15752584,1
17.804 15752844,0
17.807 15753312,1
17.807 15753348,0
17.807 15753440,1
17.809 15753776,0
17.809 15753960,1
17.809 15756216,0
17.812 15756352,1
17.812 15815916,0
17.815 15816008,1
17.815 15816020,1
17.815 15816436,0
17.817 15816536,0
17.818 15816548,0
17.818 15816568,0
17.820 15816580,0
17.820 15816628,0
17.823 15816644,0
17.823 15816664,0
17.823 15816676,0
17.826 15816712,0
17.826 15816728,0
17.826 15816740,0
17.828 15816752,0
17.828 15816800,0
17.831 15816816,0
17.831 15816836,0
17.831 15816848,0
17.834 15816900,0
17.834 15816924,0
17.834 15816936,0
17.836 15816952,0
17.837 15816964,0
17.839 15817040,1
17.839 15817072,0
17.839 15817196,1
17.842 15817212,0
17.842 15817356,0
17.842 15817368,0
17.845 15817412,0
17.845 15817436,0
17.847 15817448,0
17.847 15817468,0
17.847 15817480,0
17.850 15817516,0
17.850 15817528,0
17.850 15817564,1
17.853 15817576,0
17.853 15817620,0
17.856 15817632,0
17.856 15817664,1
17.856 15818044,0
17.858 15818080,0
17.858 15818096,0
17.858 15818116,1
17.861 15818128,0
17.861 15818144,0
17.864 15818160,0
17.864 15818172,0
17.864 15818208,0
17.866 15818224,0
17.866 15818240,0
17.867 15818260,0
17.869 15818324,0
17.869 15818336,0
17.872 15818360,0
17.872 15818376,0
17.872 15818432,0
17.875 15818444,0
17.875 15818456,0
17.875 15818540,0
17.877 15818560,0
17.877 15818572,0
17.880 15818584,0
17.880 15818708,0
17.880 15818720,0
17.883 15818740,0
17.883 15818752,0
17.883 15818796,0
17.885 15818808,0
17.885 15818856,0
17.888 15818868,0
17.888 15818908,0
17.888 15818924,0
17.891 15818936,0
17.891 15818952,0
17.891 15818964,0
17.894 15819068,1
17.894 15820000,0
17.896 15820044,0
17.896 15820060,0
17.897 15820100,0
17.899 15820112,0
17.899 15820124,0
17.899 15820136,0
17.902 15820152,0
17.902 15820164,0
17.904 15820176,0
17.905 15820188,0
17.905 15820212,0
17.907 15820224,0
17.907 15820236,1
17.907 15820248,1
17.910 15820264,0
17.910 15820276,0
17.912 15820296,0
17.913 15820308,0
17.913 15820324,0
17.915 15820580,1
17.915 15822548,0
17.915 15822640,0
17.918 15823948,0
17.918 15824792,1
17.921 15825696,1
17.921 15827516,0
17.921 15827736,1
17.924 15830016,0
17.924 15830036,1
17.924 15830844,0
17.926 15833044,0
17.926 15833056,0
17.929 15835540,0
17.929 15835556,0
17.929 15835864,1
17.932 15837048,0
17.932 15838876,1
17.932 15839716,0
17.934 15840340,0
17.934 15841252,0
17.937 15853596,1
17.937 15853608,1
17.937 15854820,0
17.941 15855540,1
17.942 #OVERFLOW
18.669 16837536,0
18.676 16844768,1
19.309 17478040,0
19.521 17690092,1
20.157 18326652,0
20.157 18326708,1
20.160 18326748,1
20.160 18326760,1
20.160 18326796,0
20.162 18326868,1
20.163 18326888,0
20.163 18327004,0
20.165 18327064,1
20.165 18328112,0
20.168 18328128,0
20.168 18328200,1
20.168 18328212,1
20.171 18329528,0
20.171 18329544,0
20.171 18329828,1
20.173 18330368,0
20.173 18330464,1
20.176 18330476,0
20.176 18330692,1
20.176 18330704,1
20.179 18330800,0
20.179 18330860,0
20.179 18330876,1
20.181 18330888,1
20.182 18331020,0
20.184 18331124,0
20.184 18331140,1
20.184 18331152,0
20.187 18331212,0
20.187 18331224,0
20.187 18331356,1
20.189 18331448,0
20.190 18343500,0
20.192 18343512,1
20.192 18343524,0
20.192 18343540,1
20.195 18343552,0
20.195 18343564,1
20.195 18343576,0
20.198 18343592,0
20.198 18352940,0
20.201 18352984,0
20.201 18353004,0
20.201 18353092,1
20.203 18353104,1
20.203 18353312,0
20.203 18353444,0
20.206 18353456,0
20.206 18353548,1
20.208 18353616,0
20.209 18353684,1
20.209 18353696,1
20.211 18353944,0
20.211 18354028,1
20.211 18354072,0
20.214 18354132,1
20.214 18354232,0
20.217 18354244,0
20.217 18354260,1
20.217 18354276,1
20.220 18354308,0
20.220 18354380,1
20.220 18354592,0
20.222 18354636,1
20.222 18354780,0
20.225 18354804,1
20.225 18354840,0
20.225 18354924,1
20.228 18354952,0
20.228 18355060,1
20.228 18355932,0
20.230 18356008,1
20.230 18356024,1
20.233 18356088,0
20.233 18356184,1
20.233 18356836,0
20.236 18356868,1
20.236 18356892,0
20.236 18356984,1
20.239 18357780,1
20.239 18357792,0
20.241 18358000,1
20.241 18358576,0
20.241 18358676,1
20.244 18359224,0
20.244 18359304,1
20.244 18359436,0
20.247 18359480,0
20.247 18359496,0
20.249 18359596,1
20.250 18359632,0
20.250 18359712,1
20.252 18359788,0
20.252 18359852,1
20.252 18359864,1
20.255 18359880,0
20.255 18359996,1
20.258 18360956,0
20.258 18360968,0
20.258 18361008,1
20.260 18361020,1
20.260 18361228,0
20.260 18361296,1
20.263 18361336,1
20.263 18361348,1
20.266 18361520,0
20.266 18361620,1
20.266 18361916,0
20.268 18362028,1
20.269 18362064,0
20.269 18362076,0
20.271 18362092,1
20.271 18362104,1
20.274 18362184,0
20.274 18362264,1
20.274 18362696,0
20.277 18362820,1
20.277 18362832,1
20.277 18362872,0
20.280 18362952,1
20.280 18362964,1
20.282 18363608,0
20.282 18363844,1
20.282 18364324,0
20.285 18364456,1
20.285 18364512,0
20.285 18364868,1
20.288 18365032,0
20.288 18365140,1
20.290 18365176,0
20.290 18365200,1
20.290 18365212,0
20.293 18365228,0
20.293 18365364,1
20.293 18365568,0
20.296 18365604,0
20.296 18365616,0
20.298 18365628,1
20.298 18365644,1
20.299 18365696,0
20.301 18365880,0
20.301 18365896,0
20.301 18365908,0
20.304 18365928,1
20.304 18365940,1
20.307 18365952,1
20.307 18366008,0
20.307 18366072,1
20.309 18366084,0
20.309 18366100,1
20.309 18366112,0
20.312 18366124,0
20.312 18366140,1
20.315 18366152,1
20.315 18366240,0
20.315 18366256,1
20.317 18366272,1
20.318 18366300,0
20.318 18366432,1
20.320 18366580,0
20.320 18366668,1
20.323 18366680,0
20.323 18366704,0
20.323 18366716,1
20.326 18366732,0
20.326 18366744,0
20.326 18366760,1
20.328 18366772,0
20.328 18366944,0
20.331 18366956,0
20.331 18366968,1
20.331 18367000,0
20.334 18367020,1
20.334 18367036,0
20.334 18367048,0
20.336 18367172,1
20.336 18367268,0
20.339 18367468,1
20.339 18367540,0
20.339 18367552,0
20.342 18367564,0
20.342 18367624,0
20.342 18367640,0
20.345 18367652,1
20.345 18367664,1
20.347 18367812,0
20.347 18367956,1
20.347 18368072,0
20.350 18368160,1
20.350 18368320,0
20.350 18368444,1
20.353 18368572,0
20.353 18368648,0
20.356 18368664,0
20.356 18368676,0
20.356 18368716,0
20.358 18368728,0
20.358 18368748,1
20.358 18368792,0
20.361 18368936,0
20.361 18368972,1
20.364 18368984,1
20.364 18369088,0
20.364 18369104,0
20.366 18369960,0
20.367 18369972,0
20.367 18369988,1
20.369 18370020,0
20.369 18370452,1
20.372 18370468,0
20.372 18371060,0
20.372 18371076,0
20.375 18371236,0
20.375 18371300,0
20.375 18371312,0
20.377 18371516,1
20.377 18371672,0
20.380 18371808,1
20.380 18371820,0
20.380 18371976,1
20.383 18372012,0
20.383 18372024,1
20.383 18372036,1
20.385 18372148,0
20.385 18372164,0
20.388 18372176,0
20.388 18372244,1
20.388 18372388,1
20.391 18372404,0
20.391 18372528,1
20.391 18372644,0
20.394 18372748,1
20.394 18372760,1
20.396 18372900,0
20.396 18373264,1
20.396 18373404,0
20.399 18373544,1
20.399 18373648,0
20.399 18373764,1
20.402 18373816,0
20.402 18374352,1
20.404 18374408,0
20.405 18374568,1
20.405 18374608,0
20.407 18374628,1
20.407 18374640,1
20.407 18374652,0
20.410 18374764,1
20.410 18374884,0
20.412 18375272,1
20.413 18375308,0
20.413 18375864,1
20.415 18375908,0
20.415 18379592,1
20.415 18379684,0
20.418 18456172,0
20.418 18456224,0
20.421 18456236,0
20.421 18456304,1
20.421 18457592,0
20.424 18457760,1
20.424 18458760,0
20.424 18458972,1
20.426 18459468,0
20.426 18459704,1
20.429 18459744,0
20.429 18460156,0
20.429 18460168,0
20.432 18460180,0
20.432 18460196,1
20.432 18460232,0
20.434 18460460,0
20.434 18460472,1
20.437 18460484,1
20.437 18460544,0
20.437 18461284,1
20.440 18461296,1
20.440 18461368,0
20.440 18461596,0
20.443 18461608,0
20.443 18461620,1
20.445 18461636,0
20.445 18461800,1
20.445 18462012,0
20.448 18462128,0
20.448 18462380,1
20.448 18475016,0
20.451 18475060,0
20.451 18475072,0
20.453 18475096,1
20.454 18477616,0
20.454 18477628,0
20.456 18477640,1
20.456 18477652,1
20.456 18480324,0
20.459 18482024,0
20.459 18482036,0
20.462 18482052,0
20.462 18482064,0
20.462 18482076,0
20.466 18483240,0
20.466 18483256,1
22.785 20954236,1
22.785 20954248,0
22.787 20954260,0
22.787 20954332,0
22.787 20954344,0
22.790 20954356,0
22.790 20954528,1
22.790 20955236,0
22.793 20955248,1
22.793 20955268,0
22.795 20955576,1
22.796 20956032,0
22.796 20956148,1
22.798 20956160,0
22.798 20956360,1
22.798 20956492,0
22.801 20956524,0
22.801 20956540,0
22.804 20956920,1
22.804 20957080,0
22.804 20957116,0
22.806 20957204,0
22.806 20957244,1
22.806 20957256,0
22.809 20957272,0
22.809 20957444,0
22.812 20957456,0
22.812 20957468,1
22.812 20957596,0
22.814 20957608,1
22.815 20957676,0
22.815 20958592,1
22.817 20958604,1
22.817 20958756,0
22.820 20959708,1
22.820 20959720,0
22.820 20959732,0
22.823 20959744,0
22.823 20985960,0
22.823 20985972,1
22.825 20985984,0
22.825 20986032,1
22.828 20986044,1
22.828 20986060,0
22.828 20986224,1
22.831 20986252,0
22.831 20986360,1
22.831 20986932,0
22.833 20986944,0
22.834 20986980,1
22.836 20987104,0
22.836 20987116,0
22.836 20987160,1
22.839 20987176,0
22.839 20987252,1
22.839 20987268,1
22.841 20988108,0
22.842 20988284,1
22.844 20989044,0
22.844 20989212,1
22.844 20989416,0
22.847 20989524,1
22.847 20989968,0
22.847 20990056,0
22.850 20990068,0
22.850 20990084,1
22.852 20990416,0
22.852 20990432,0
22.852 20990488,1
22.855 20990536,0
22.855 20990616,1
22.855 20990636,0
22.858 20990696,1
22.858 20990740,0
22.861 20990784,1
22.861 20991256,0
22.861 20991288,1
22.863 20991488,0
22.863 20991504,0
22.863 20991572,1
22.866 20992124,0
22.866 20992204,1
22.869 20992256,0
22.869 20992320,1
22.869 20992352,0
22.872 20992448,1
22.872 20992476,0
22.872 20992540,1
22.874 20992564,0
22.874 20992648,1
22.877 20992704,1
22.877 20992716,1
22.877 20992748,0
22.880 20992864,1
22.880 20993056,0
22.880 20993108,1
22.882 20993128,0
22.883 20993256,0
22.885 20993268,0
22.885 20993352,1
22.885 20993364,1
22.888 20993524,0
22.888 20993608,1
22.888 20993792,0
22.891 20993864,1
22.891 20993892,0
22.893 20994108,1
22.893 20994324,0
22.893 20994408,0
22.896 20994420,0
22.896 20994456,1
22.896 20994468,0
22.899 20994480,0
22.899 20994780,1
22.902 20994796,0
22.902 20994924,1
22.902 20995048,0
22.904 20995064,0
22.904 20995128,1
22.904 20995284,0
22.907 20995440,1
22.907 20995544,0
22.910 20995680,1
22.910 20995792,0
22.910 20995952,1
22.912 20996008,0
22.912 20996024,0
22.912 20996204,1
22.915 20996268,0
22.915 20996284,0
22.918 20996432,1
22.918 20996560,0
22.918 20996648,1
22.921 20996664,0
22.921 20996944,1
22.921 20997084,0
22.923 20997200,1
22.923 20997212,1
22.926 20997324,0
22.926 20997388,1
22.926 20997404,1
22.929 20997416,0
22.929 20997428,1
22.929 20997440,1
22.931 20997616,0
22.932 20997748,1
22.934 20997764,0
22.934 20997776,1
22.934 20997832,0
22.937 20997976,1
22.937 20997988,1
22.937 20998000,1
22.940 20998100,0
22.940 20998136,1
22.942 20998388,0
22.942 20998412,1
22.942 20998424,1
22.945 20998648,0
22.945 20998668,1
22.945 20998680,1
22.948 20998864,0
22.948 20998880,0
22.950 20998892,0
22.951 20998920,0
22.951 20998936,0
22.953 20998988,0
22.953 20999000,0
22.953 20999012,0
22.956 20999036,0
22.956 20999048,0
22.959 20999236,0
22.959 20999248,0
22.959 20999264,0
22.961 20999276,0
22.961 20999296,0
22.961 20999532,0
22.964 20999544,0
22.964 20999760,0
22.967 20999772,0
22.967 20999784,0
22.967 21000252,0
22.969 21000264,0
22.970 21000280,0
22.970 21000300,0
22.972 21000340,0
22.972 21000352,0
22.975 21000364,0
22.975 21000492,0
22.975 21000560,0
22.978 21000572,0
22.978 21000588,0
22.978 21000600,0
22.980 21000768,0
22.980 21000808,1
22.983 21000828,0
22.983 21000860,0
22.983 21000872,0
22.986 21000892,0
22.986 21001012,0
22.986 21001024,0
22.989 21001120,0
22.989 21001264,0
22.991 21001276,0
22.991 21001360,0
22.991 21001376,0
22.994 21001640,0
22.994 21001768,0
22.994 21001780,1
22.997 21001796,1
22.997 21001924,0
22.999 21002032,0
23.000 21002044,0
23.000 21002084,1
23.002 21002132,0
23.002 21002284,0
23.002 21002296,0
23.005 21002308,1
23.005 21002324,0
23.008 21002384,0
23.008 21002396,0
23.008 21002532,0
23.010 21002568,1
23.010 21002604,0
23.010 21002796,0
23.013 21002812,1
23.013 21002900,0
23.015 21003088,0
23.016 21003100,0
23.016 21003112,0
23.018 21003312,1
23.018 21003400,0
23.018 21003580,0
23.021 21003592,0
23.021 21003620,0
23.024 21003832,1
23.024 21003856,0
23.024 21004100,1
23.027 21004124,0
23.027 21004360,0
23.027 21004580,1
23.029 21004648,0
23.029 21004856,1
23.032 21004872,0
23.032 21005068,1
23.032 21005080,1
23.035 21005108,0
23.035 21005348,0
23.035 21005360,0
23.038 21005572,0
23.038 21005584,1
23.040 21005596,1
23.040 21005640,0
23.040 21006096,0
23.043 21006108,0
23.043 21006124,0
23.043 21006372,1
23.046 21006392,0
23.046 21006596,1
23.048 21006656,0
23.048 21007368,0
23.049 21080164,0
23.051 21081140,0
23.051 21081156,0
23.051 21082584,1
23.054 21083904,0
23.054 21083960,1
23.056 21121920,0
23.057 21122556,0
23.057 21122568,0
23.061 21122580,0
23.061 21122592,1
25.892 24061760,0
25.892 24062080,1
25.895 24062472,0
25.895 24062676,0
25.895 24062688,0
25.897 24062824,1
25.898 24062956,0
25.898 24063360,0
25.900 24063376,1
25.900 24063480,0
25.904 24063864,0
25.904 24063876,0
25.920 24090160,1
25.920 24090172,1
25.923 24090224,0
25.923 24090620,0
25.923 24090928,0
25.926 24090940,0
25.926 24091304,1
25.926 24091316,1
25.929 24091384,0
25.929 24091936,1
25.931 24091968,0
25.931 24092072,1
25.931 24093136,0
25.934 24093148,0
25.934 24093196,1
25.934 24093444,0
25.937 24093488,1
25.937 24094076,0
25.940 24094160,1
25.940 24094172,1
25.940 24094780,0
25.942 24094924,0
25.942 24095008,1
25.942 24095652,0
25.945 24095820,1
25.945 24095920,0
25.948 24095984,1
25.948 24096348,0
25.948 24096456,1
25.950 24096588,0
25.950 24096736,1
25.950 24096804,0
25.953 24096852,1
25.953 24097024,0
25.956 24097036,1
25.956 24097052,1
25.956 24097096,0
25.959 24097108,0
25.959 24097188,0
25.959 24097200,0
25.961 24097212,0
25.961 24097224,1
25.964 24097240,1
25.964 24097972,0
25.964 24098048,1
25.967 24098108,0
25.967 24098192,1
25.967 24098208,0
25.969 24098244,1
25.969 24098268,0
25.972 24098284,1
25.972 24098328,0
25.972 24098528,0
25.975 24098544,0
25.975 24098556,0
25.975 24098636,0
25.978 24098760,1
25.978 24098772,1
25.980 24098900,0
25.980 24099008,0
25.980 24099020,0
25.983 24099144,1
25.983 24099168,0
25.983 24099324,1
25.986 24099416,0
25.986 24099740,0
25.989 24099752,0
25.989 24099816,1
25.989 24099828,1
25.991 24100044,0
25.991 24100076,1
25.991 24100096,0
25.994 24100556,1
25.994 24100724,0
25.997 24100872,1
25.997 24101000,0
25.997 24101168,1
25.999 24101180,1
25.999 24101192,0
25.999 24101296,0
26.002 24101312,0
26.002 24101404,1
26.005 24101472,0
26.005 24101556,1
26.005 24101588,0
26.007 24101660,1
26.008 24101672,0
26.008 24102064,1
26.010 24102080,1
26.010 24102104,0
26.013 24102120,0
26.013 24102140,0
26.013 24102152,1
26.016 24102164,1
26.016 24102220,0
26.016 24102452,0
26.018 24102464,0
26.018 24102476,0
26.021 24102660,1
26.021 24102728,0
26.021 24102812,0
26.024 24102824,0
26.024 24102940,1
26.024 24102992,0
26.027 24103172,1
26.027 24103216,1
26.029 24103232,1
26.029 24103276,0
26.029 24103452,1
26.032 24103496,0
26.032 24103692,1
26.032 24103704,1
26.035 24103752,0
26.035 24103852,1
26.037 24103960,0
26.037 24103976,0
26.038 24103988,0
26.040 24104456,1
26.040 24104476,1
26.040 24104488,0
26.043 24104504,0
26.043 24104696,0
26.045 24104708,1
26.046 24104792,0
26.046 24104996,0
26.048 24105008,0
26.048 24105236,1
26.048 24105264,0
26.051 24105280,0
26.051 24105292,0
26.054 24105316,0
26.054 24105672,0
26.054 24105752,0
26.056 24105768,0
26.056 24106256,0
26.056 24106676,0
26.059 24107448,0
26.059 24107460,0
26.062 24107676,0
26.062 24107948,1
26.062 24107964,1
26.065 24107992,0
26.065 24108464,1
26.065 24108508,0
26.067 24108972,0
26.067 24108984,1
26.070 24109000,0
26.070 24195960,0
26.070 24195972,0
26.073 24197468,1
26.073 24198476,0
26.073 24198596,1
26.075 24214696,0
26.076 24214720,1
26.078 24214852,0
26.078 24214864,1
26.078 24214896,0
26.081 24214908,1
26.081 24214932,0
26.081 24214948,0
26.084 24214960,1
26.084 24214972,1
26.086 24214984,1
26.086 24224508,0
26.086 24224524,1
26.089 24225684,0
26.089 24225896,1
26.089 24226036,0
26.093 24226848,1
31.863 30032752,0
31.863 30032768,0
31.867 30033096,1
31.867 30033476,0
31.886 30055876,1
31.886 30055940,0
31.889 30056028,1
31.889 30056160,0
31.889 30056316,1
31.892 30056376,0
31.892 30056488,1
31.892 30056568,0
31.894 30056656,1
31.894 30056896,0
31.897 30056912,0
31.897 30056948,1
31.897 30056960,1
31.900 30057192,0
31.900 30057204,0
31.900 30057216,0
31.903 30057232,1
31.903 30057420,0
31.905 30057504,1
31.905 30057532,0
31.905 30057640,1
31.908 30058892,0
31.908 30058940,1
31.908 30058996,0
31.911 30059052,1
31.911 30059064,1
31.913 30059280,0
31.913 30059292,1
31.913 30059304,1
31.916 30059684,0
31.916 30059748,1
31.916 30059764,0
31.919 30059776,0
31.919 30059828,1
31.922 30059880,0
31.922 30059960,1
31.922 30059996,0
31.924 30060008,0
31.924 30060024,0
31.924 30060068,1
31.927 30060604,0
31.927 30060684,1
31.930 30060736,1
31.930 30060748,0
31.930 30060812,1
31.932 30060860,0
31.933 30060936,1
31.933 30061088,0
31.935 30061124,1
31.935 30061156,0
31.938 30061252,1
31.938 30062196,0
31.938 30062248,1
31.941 30062260,1
31.941 30062296,0
31.941 30062356,1
31.943 30062368,1
31.943 30062392,0
31.946 30062460,1
31.946 30062532,0
31.946 30062564,0
31.949 30062580,0
31.949 30062612,1
31.949 30062872,0
31.952 30062956,1
31.952 30062968,0
31.954 30062992,1
31.954 30063032,1
31.954 30063044,1
31.957 30063184,0
31.957 30063276,1
31.957 30063292,1
31.959 30063460,0
31.960 30063480,0
31.962 30063616,1
31.962 30063636,0
31.962 30063884,1
31.965 30063976,0
31.965 30064000,1
31.965 30064040,0
31.968 30064052,0
31.968 30064332,0
31.971 30064344,0
31.971 30064424,1
31.971 30064436,1
31.973 30064456,0
31.973 30065000,1
31.973 30065080,0
31.976 30065236,0
31.976 30065248,0
31.979 30065588,1
31.979 30065612,1
31.979 30065624,0
31.981 30065932,1
31.982 30065944,0
31.982 30065960,0
31.984 30068836,0
31.984 30068848,0
31.987 30079036,1
31.987 30079052,0
31.987 30079120,1
31.990 30079164,0
31.990 30079328,1
31.990 30079356,0
31.992 30079532,0
31.992 30079544,0
31.995 30079604,1
31.995 30079764,0
31.995 30079908,1
31.998 30079972,0
31.998 30080020,1
31.998 30080056,0
32.000 30080108,1
32.001 30083640,0
32.003 30083860,1
32.003 30083952,0
32.003 30083996,1
32.006 30084428,0
32.006 30084496,1
32.006 30084580,0
32.009 30084644,1
32.009 30086568,0
32.011 30086920,1
32.011 30087636,0
32.011 30088016,1
32.014 30088272,0
32.014 30088924,1
32.014 30088936,0
32.017 30089420,1
32.017 30089436,0
32.020 30090208,1
32.020 30090248,0
32.020 30090440,1
32.023 30090464,0
32.023 30090744,1
32.023 30090768,0
32.025 30092244,1
32.025 30092268,0
32.028 30093232,1
32.028 30093244,0
32.028 30093728,0
32.030 30093740,0
32.030 30093752,0
32.030 30094968,1
32.033 30094980,0
32.033 30107936,1
32.036 30107948,1
32.036 30108044,0
32.036 30108820,1
32.039 30109052,0
32.039 30109304,1
32.039 30109556,0
32.041 30109816,1
32.041 30110076,0
32.044 30110316,1
32.044 30110580,0
32.044 30110836,0
32.047 30110848,0
32.047 30111608,1
32.047 30111788,0
32.049 30112732,1
32.049 30112784,0
32.052 30115632,1
32.052 30115672,0
32.052 30127040,1
32.055 30127076,0
32.055 30148500,1
32.055 30148692,0
32.058 30149440,1
32.058 30149712,0
32.060 30150532,1
32.060 30150672,0
32.060 30190708,1
32.063 30190836,0
32.063 30191128,1
32.063 30191344,0
32.072 30242064,1
32.072 30242292,0
32.075 30242592,1
32.075 30242972,0
32.075 30243160,0
32.078 30243172,1
32.078 30243268,0
32.078 30243376,1
32.083 30243476,0
32.083 30253376,1
32.085 30253792,0
32.085 30254024,0
32.085 30254036,0
32.088 30254172,1
32.088 30254376,0
32.088 30255272,1
32.091 30255288,0
32.091 30255764,1
32.094 30255820,0
32.094 30256296,1
32.094 30256336,0
32.096 30257300,0
32.096 30257312,0
32.096 30257496,1
32.099 30257588,0
32.099 30258016,0
32.102 30265872,1
32.102 30266236,0
32.102 30266480,1
32.104 30266552,0
32.104 30266652,1
32.104 30266796,0
32.107 30267680,1
32.107 30267800,0
32.110 30268252,1
32.110 30268316,0
32.110 30268732,1
32.113 30268836,0
32.113 30269260,0
32.113 30269272,0
32.115 30269996,0
32.115 30270008,0
32.118 30270808,1
32.118 30270824,0
32.118 30274692,1
32.121 30274736,0
32.121 30275284,1
32.121 30275308,0
32.123 30278260,1
32.124 30278564,0
32.126 30278812,1
32.126 30278900,0
32.126 30290924,0
32.129 30290956,1
32.129 30290972,0
32.129 30291428,1
32.132 30291508,0
32.132 30291600,1
32.134 30291768,0
32.134 30292684,1
32.134 30292780,0
32.137 30293732,1
32.137 30293796,0
32.137 30294264,1
32.140 30294296,0
32.140 30301932,1
32.142 30302080,0
32.143 30302492,1
32.143 30302608,0
32.145 30312832,1
32.145 30312924,1
32.145 30312936,0
32.149 30312952,0
32.165 30335096,1
32.165 30335108,0
32.168 30335572,0
38.520 36689576,0
38.520 36689592,0
38.523 36691188,1
38.523 36691204,0
38.523 36691240,1
38.525 36691252,0
38.525 36691264,1
38.525 36691320,0
38.528 36691520,1
38.528 36691544,0
38.531 36694108,0
38.531 36694120,1
38.531 36694136,1
38.534 36694356,0
38.534 36698412,0
38.534 36698424,0
38.536 36698708,0
38.536 36698720,0
38.539 36698928,1
38.539 36700468,0
38.539 36700964,1
38.542 36701072,0
38.542 36701116,0
38.542 36701132,0
38.544 36706200,1
38.545 36706220,0
38.550 36706956,0
38.550 36706968,0
38.550 36707252,1
41.800 39968464,0
45.266 43436024,0
45.267 43436036,0
45.269 43436056,1
45.269 43438572,0
45.269 43438588,0
45.272 43438864,1
45.272 43439388,0
45.272 43439460,1
45.275 43439520,0
45.275 43439712,1
45.277 43439768,0
45.277 43439880,1
45.277 43440048,0
45.280 43440164,1
45.280 43440188,0
45.280 43440400,1
45.283 43440484,0
45.283 43440700,0
45.285 43440712,0
45.286 43440728,0
45.286 43440972,1
45.288 43441028,0
45.288 43441144,1
45.288 43441172,0
45.291 43441392,1
45.291 43441412,0
45.294 43459784,1
45.294 43459876,0
45.294 43459948,1
45.296 43460196,0
45.296 43460288,1
45.296 43460304,0
45.299 43460316,0
45.299 43460328,0
45.302 43460396,1
45.302 43460408,1
45.302 43460652,0
45.304 43460732,1
45.305 43460812,0
45.305 43461016,1
45.307 43461320,0
45.307 43461568,1
45.310 43461596,0
45.310 43461704,1
45.310 43462916,1
45.313 43462928,0
45.313 43462944,0
45.313 43462988,1
45.315 43463084,0
45.315 43463124,1
45.318 43463220,0
45.318 43463288,1
45.318 43463320,0
45.321 43463344,1
45.321 43464084,0
45.321 43464140,1
45.324 43464344,0
45.324 43464404,1
45.326 43465352,0
45.326 43465432,1
45.326 43465944,0
45.329 43466092,1
45.329 43466144,0
45.329 43466200,1
45.332 43466552,0
45.332 43466620,1
45.334 43467036,0
45.335 43467172,1
45.335 43467844,1
45.337 43467856,0
45.337 43468008,1
45.337 43468040,0
45.340 43468160,1
45.340 43468172,1
45.343 43468396,0
45.343 43468496,1
45.343 43468580,0
45.345 43468744,1
45.345 43468864,1
45.345 43468876,0
45.348 43469004,1
45.348 43469016,1
45.351 43469084,0
45.351 43469172,1
45.351 43469204,1
45.354 43469216,0
45.354 43469268,0
45.354 43469280,1
45.356 43469292,0
45.356 43469328,0
45.359 43469340,0
45.359 43469380,0
45.359 43469392,0
45.362 43469408,1
45.362 43469420,1
45.362 43469436,0
45.364 43469744,1
45.364 43469760,0
45.367 43469772,0
45.367 43469948,1
45.367 43469960,0
45.370 43469972,0
45.370 43469988,0
45.370 43470008,0
45.373 43470020,0
45.373 43470032,0
45.375 43470180,1
45.375 43470252,0
45.375 43470784,1
45.378 43470804,0
45.378 43470816,0
45.378 43471100,1
45.381 43471112,0
45.381 43471128,0
45.383 43471504,1
45.384 43471620,0
45.384 43471740,1
45.386 43471752,1
45.386 43471768,0
45.386 43471788,1
45.389 43471804,0
45.389 43471816,0
45.392 43471840,0
45.392 43472044,0
45.392 43472056,0
45.394 43472072,0
45.394 43472084,0
45.394 43472284,0
45.397 43472300,0
45.397 43472312,1
45.400 43472324,1
45.400 43472340,1
45.400 43472352,0
45.402 43472368,0
45.403 43473284,1
45.403 43473304,0
45.405 43473572,1
45.405 43473612,0
45.408 43474084,1
45.408 43474096,0
45.408 43474112,0
45.411 43474208,0
45.411 43474220,0
45.411 43474232,1
45.413 43474244,1
45.413 43474316,0
45.416 43474332,1
45.416 43474388,0
45.416 43474404,0
45.419 43474416,0
45.419 43474428,0
45.419 43474440,0
45.421 43474456,0
45.422 43474496,0
45.424 43475020,0
45.425 43484200,1
45.425 43484224,0
45.427 43484676,1
45.427 43484748,0
45.427 43484896,1
45.430 43485032,0
45.430 43485160,1
45.432 43485864,0
45.432 43485892,1
45.432 43486900,0
45.435 43486976,0
45.435 43486992,0
45.435 43488208,0
45.438 43488584,1
45.438 43488648,0
45.441 43489072,1
45.441 43489140,0
45.441 43491884,1
45.443 43491948,0
45.443 43497512,0
45.443 43497624,1
45.446 43498904,0
45.446 43498916,0
45.449 43498928,0
45.449 43499096,1
45.449 43499216,0
45.451 43499228,0
45.452 43499248,1
45.452 43499536,0
45.454 43499708,1
45.454 43500008,0
45.457 43500080,0
45.457 43500092,1
45.457 43500152,0
45.460 43500324,1
45.460 43500508,0
45.460 43509616,0
45.462 43509628,0
45.462 43511944,1
45.465 43522564,0
45.465 43534484,1
45.465 43534856,0
45.468 43534952,1
45.468 43535264,0
45.468 43535368,1
45.470 43535720,0
45.471 43535736,1
45.473 43535748,0
45.473 43535820,1
45.473 43535972,0
45.476 43536100,1
45.476 43536156,0
45.476 43536332,1
45.479 43536772,0
45.479 43536832,1
45.481 43536952,0
45.481 43536980,0
45.481 43536996,0
45.484 43537120,1
45.484 43537132,1
45.484 43537860,0
45.487 43538012,0
45.487 43538024,1
45.489 43538164,0
45.490 43538216,1
45.490 43538248,0
45.492 43538360,1
45.492 43538596,0
45.492 43538720,0
45.495 43538732,0
45.495 43538768,0
45.498 43538824,1
45.498 43538956,0
45.498 43539268,0
45.500 43539552,0
45.500 43539568,0
45.500 43539580,0
45.503 43539604,0
45.503 43539616,0
45.506 43539696,0
45.506 43539708,0
45.506 43540024,0
45.508 43540216,1
45.508 43540232,0
45.509 43540244,0
45.511 43540256,1
45.511 43540272,1
45.514 43540296,0
45.514 43540320,1
45.514 43540348,0
45.517 43540396,0
45.517 43540408,0
45.517 43540456,0
45.519 43540468,0
45.520 43540944,0
45.522 43545440,0
45.522 43545596,1
45.522 43551944,1
45.525 43551956,1
45.525 43561740,0
45.525 43561856,0
45.528 43561868,1
45.528 43562000,0
45.530 43562184,1
45.530 43562204,0
45.530 43562680,1
45.533 43563640,0
45.533 43564340,0
45.533 43564352,0
45.536 43564384,0
45.536 43564404,0
45.538 43564432,1
45.539 43564492,0
45.539 43564504,0
45.541 43564564,0
45.541 43564588,0
45.541 43564632,0
45.544 43564644,0
45.544 43564656,1
45.547 43564668,0
45.547 43564692,0
45.547 43564704,0
45.549 43564836,0
45.549 43564852,0
45.549 43564876,0
45.552 43564900,0
45.552 43564912,0
45.555 43564928,0
45.555 43564948,0
45.555 43565432,0
45.557 43565448,0
45.558 43567148,1
45.558 43567160,1
45.560 43589340,0
45.560 43600160,0
45.563 43600260,0
45.563 43600272,0
45.563 43601024,1
45.566 43620140,0
45.566 43620460,1
45.566 43620836,0
45.568 43621184,1
45.568 43621236,0
45.571 43621744,1
45.571 43621864,0
45.571 43621876,0
45.574 43622220,0
45.574 43622232,0
45.574 43622248,0
45.577 43635132,0
45.577 43635148,0
45.579 43635180,1
45.579 43635284,0
45.579 43643576,1
45.582 43643624,0
45.582 43643736,1
45.582 43643804,0
45.585 43644196,1
45.585 43644208,0
45.587 43644220,0
45.588 43644232,0
45.588 43645580,1
45.590 43645592,1
45.590 43645604,0
45.590 43645620,0
45.593 43645912,1
45.593 43645932,0
45.596 43646044,1
45.596 43647100,0
45.596 43647168,1
45.598 43647732,0
45.598 43647828,1
45.598 43647920,0
45.601 43647976,1
45.601 43648580,1
45.604 43648596,1
45.604 43648624,0
45.604 43648644,1
45.606 43648716,0
45.607 43648772,0
45.607 43648784,1
45.609 43648896,0
45.609 43648980,1
45.612 43649916,0
45.612 43649928,0
45.612 43649960,1
45.615 43649972,0
45.615 43649984,0
45.615 43649996,0
45.617 43650020,1
45.617 43650032,1
45.620 43650532,0
45.620 43650596,1
45.620 43650620,0
45.623 43650740,1
45.623 43651628,1
45.623 43651644,0
45.626 43651716,1
45.626 43652624,0
45.628 43652636,0
45.628 43652776,1
45.628 43652788,1
45.631 43653748,0
45.631 43653800,1
45.631 43654012,0
45.634 43654028,0
45.634 43654104,0
45.636 43654116,0
45.636 43654240,1
45.637 43655388,0
45.639 43655484,1
45.639 43655568,0
45.639 43655864,1
45.642 43655876,1
45.642 43656048,0
45.645 43656200,0
45.645 43656212,0
45.645 43656324,1
45.647 43656352,0
45.647 43656448,0
45.647 43656464,0
45.650 43656528,1
45.650 43656632,0
45.653 43656836,1
45.653 43657024,0
45.653 43657120,0
45.655 43657132,0
45.656 43657360,0
45.656 43657376,0
45.658 43657548,0
45.658 43657560,0
45.661 43657620,1
45.661 43657664,0
45.661 43657676,1
45.664 43657688,0
45.664 43657704,0
45.664 43657948,1
45.666 43657988,0
45.666 43658396,1
45.669 43658544,0
45.669 43658728,0
45.669 43658740,0
45.672 43658944,1
45.672 43659044,0
45.672 43659436,1
45.674 43659448,1
45.674 43659532,0
45.677 43659912,0
45.677 43659928,0
45.677 43659940,1
45.680 43659952,1
45.680 43660028,0
45.680 43660116,1
45.683 43660152,0
45.683 43660204,0
45.685 43660216,0
45.685 43660420,1
45.685 43660520,0
45.688 43660624,1
45.688 43660636,1
45.688 43660652,0
45.691 43660924,0
45.691 43661136,0
45.693 43661148,0
45.694 43661416,0
45.694 43661428,1
45.696 43661440,1
45.696 43661480,0
45.696 43661976,0
45.699 43661988,0
45.699 43708268,1
45.702 43709148,0
45.702 43709364,1
45.702 43709392,0
45.704 43709728,1
45.704 43709788,0
45.704 43710364,0
45.707 43710380,0
45.707 43710408,0
45.710 43710424,0
45.710 43710436,0
45.710 43710664,0
45.713 43710680,0
45.713 43710840,1
45.713 43710924,1
45.715 43711076,0
45.715 43718452,0
45.718 43718464,1
45.718 43718476,1
45.718 43718656,0
45.721 43718684,0
45.721 43718696,0
45.721 43719288,0
45.723 43719304,0
45.724 43719460,0
45.726 43719472,0
45.726 43719484,1
45.726 43719528,0
45.729 43719568,1
45.729 43719584,1
45.729 43719596,1
45.732 43719784,0
45.732 43719916,0
45.734 43719928,0
45.734 43719972,0
45.734 43719984,0
45.737 43720040,0
45.737 43720172,0
45.737 43720208,0
45.740 43720324,1
45.740 43720380,0
45.742 43720392,1
45.743 43720476,0
45.743 43720488,0
45.745 43720504,0
45.745 43720520,0
45.745 43720540,1
45.748 43720552,0
45.748 43720564,1
45.750 43720576,0
45.751 43720600,1
45.751 43721092,0
45.753 43721128,1
45.753 43721164,0
45.753 43721200,1
45.756 43722320,0
45.756 43722332,0
45.759 43722348,0
45.759 43722368,1
45.759 43722712,0
45.761 43722844,1
45.761 43723480,0
45.761 43723832,1
45.764 43723916,0
45.764 43723932,1
45.767 43723952,0
45.767 43724016,1
45.767 43724308,0
45.770 43724508,1
45.770 43724868,0
45.770 43724940,1
45.772 43725068,0
45.772 43725292,1
45.775 43725544,0
45.775 43726032,1
45.775 43726372,0
45.778 43726396,1
45.778 43726468,0
45.778 43726756,1
45.781 43742092,0
45.781 43742112,1
45.783 43742184,1
45.783 43742196,1
45.783 43751908,0
45.786 43751948,1
45.786 43752948,0
45.786 43752988,0
45.789 43753000,0
45.789 43753020,0
45.791 43753032,0
45.792 43753048,0
45.792 43753076,0
45.794 43753092,1
45.794 43753104,0
45.794 43753116,0
45.797 43753140,0
45.797 43753152,0
45.800 43753164,0
45.800 43753248,0
45.800 43753260,0
45.802 43753528,1
45.802 43753544,1
45.802 43753564,0
45.805 43754104,0
45.805 43754116,1
45.808 43754132,0
45.808 43754152,0
45.808 43754164,1
45.810 43754176,1
45.811 43754220,0
45.811 43754232,0
45.813 43754248,0
45.813 43754364,1
45.816 43754384,0
45.816 43754396,1
45.816 43754576,0
45.819 43754948,0
45.819 43754964,1
45.819 43755028,0
45.821 43755060,1
45.821 43755072,1
45.824 43755228,0
45.824 43755288,0
45.824 43755300,0
45.827 43755504,0
45.827 43755516,0
45.827 43755560,1
45.830 43755572,0
45.830 43756132,0
45.832 43756144,1
45.832 43756156,0
45.832 43756252,0
45.835 43760364,1
45.835 43760380,1
45.835 43760392,1
45.838 43778352,0
45.838 43778368,0
45.840 43778672,1
45.841 43779036,0
45.841 43779520,1
45.843 43779584,0
45.843 43779976,0
45.843 43779992,0
45.846 43780004,0
45.846 43780592,1
45.849 43780628,0
45.849 43803840,1
45.849 43803860,1
45.851 43803872,1
45.851 43803908,0
45.851 43804004,1
45.854 43804188,0
45.854 43804468,0
45.857 43804480,0
45.857 43804504,0
45.857 43804516,0
45.859 43804616,1
45.860 43804824,0
45.860 43805008,1
45.862 43805020,0
45.862 43805036,0
45.865 43805164,1
45.865 43805604,0
45.865 43805672,1
45.868 43805720,0
45.868 43805736,1
45.868 43805756,1
45.870 43805772,1
45.870 43805784,0
45.873 43805796,1
45.873 43805808,1
45.873 43805864,0
45.876 43805876,1
45.876 43805892,1
45.876 43805912,0
45.878 43805924,0
45.879 43805940,0
45.881 43805952,0
45.881 43805964,1
45.881 43805980,0
45.884 43805992,0
45.884 43806136,1
45.884 43806176,0
45.887 43806272,1
45.887 43807484,0
45.889 43807496,0
45.889 43807540,1
45.889 43808312,0
45.892 43808376,1
45.892 43808428,0
45.892 43808444,1
45.895 43808556,0
45.895 43808608,0
45.897 43808624,1
45.898 43808636,1
45.898 43808680,0
45.900 43808708,0
45.900 43808720,1
45.900 43808852,0
45.903 43808984,1
45.903 43809348,0
45.905 43810320,0
45.906 43812180,0
45.906 43812488,0
45.908 43813788,0
45.908 43814588,1
45.909 43815804,1
45.911 43816492,0
45.911 43817640,0
45.914 43818524,1
45.914 43819688,0
45.914 43820656,0
45.917 43821700,1
45.917 43822724,1
45.917 43828840,0
45.919 43828852,0
45.919 43876864,0
45.922 43876936,0
45.922 43876948,0
45.922 43876964,0
45.925 43877920,0
45.925 43878056,0
45.925 43878076,0
45.927 43878104,0
45.928 43878128,0
45.930 43878140,1
45.930 43878260,0
45.930 43878380,1
45.933 43883312,0
45.933 43883392,1
45.933 43883404,1
45.936 43885372,1
45.936 43885384,1
45.938 43885400,1
45.938 43886128,0
45.938 43886384,0
45.941 43886492,1
45.941 43886740,0
45.941 43887072,1
45.944 43887104,0
45.944 43887140,1
45.946 43887152,0
45.947 43887164,0
45.947 43887180,0
45.949 43887616,0
45.949 43887632,0
45.949 43887648,1
45.952 43888000,0
45.952 43888156,1
45.955 43888272,0
45.955 43888396,0
45.955 43888412,1
45.957 43888424,1
45.957 43900856,0
45.957 43901064,1
45.960 43901076,1
45.960 43902000,0
45.963 43902108,1
45.963 43909376,0
45.963 43909392,1
45.965 43909404,0
45.966 43909736,0
45.966 43910000,0
45.968 43910016,0
45.968 43911260,1
45.971 43911276,1
45.971 43911324,0
45.971 43911512,0
45.974 43912032,1
45.974 43912376,1
45.974 43912388,0
45.976 43912408,0
45.976 43912424,1
45.979 43912488,0
45.979 43912504,0
45.979 43912516,0
45.982 43912672,1
45.982 43912824,0
45.982 43912840,0
45.985 43923376,0
45.985 43923392,1
45.987 43923404,1
45.987 43923416,1
45.987 43942856,0
45.990 43943164,1
45.990 43943760,0
45.990 43943900,0
45.993 43943944,0
45.993 43944076,0
45.995 43944088,0
45.996 43944112,0
45.996 43944124,0
45.998 43944212,1
45.998 43944360,0
45.998 43944456,1
46.001 43944544,0
46.001 43944556,0
46.004 43944676,1
46.004 43944692,1
46.004 43944812,0
46.006 43944932,0
46.006 43944944,0
46.006 43945344,1
46.009 43945408,0
46.009 43945588,1
46.012 43945620,0
46.012 43968444,0
46.012 43968456,0
46.014 43968664,0
46.015 43968884,0
46.015 43968900,0
46.017 43968912,0
46.017 43968932,1
46.020 43968944,0
46.020 43968960,0
46.020 43969544,1
46.023 43969568,0
46.023 43969728,0
46.023 43969740,0
46.025 43969756,1
46.025 43969768,1
46.028 43969788,0
46.028 43969908,0
46.028 43969924,0
46.031 43970040,1
46.031 43971168,0
46.031 43971300,1
46.034 43971312,1
46.034 43971924,0
46.036 43971980,1
46.036 43971992,1
46.036 43972064,0
46.039 43972132,1
46.039 43972144,1
46.039 43972184,0
46.042 43972236,1
46.042 43972684,0
46.044 43972756,1
46.044 43972956,0
46.045 43973012,1
46.047 43973024,1
46.047 43973092,0
46.047 43973140,1
46.050 43973428,0
46.050 43973508,1
46.053 43973596,0
46.053 43973660,1
46.053 43973688,0
46.055 43973764,1
46.055 43974784,0
46.055 43975008,1
46.058 43975856,0
46.058 43975916,1
46.061 43975928,1
46.061 43976428,0
46.061 43976484,1
46.063 43976536,0
46.064 43976600,1
46.064 43976932,0
46.066 43977012,1
46.066 43978056,0
46.069 43978228,1
46.069 43978248,0
46.069 43978312,1
46.072 43979400,0
46.072 43979412,0
46.072 43979460,1
46.074 43979816,0
46.074 43980844,0
46.077 43981744,0
46.077 43982756,0
46.077 43983796,0
46.080 43984784,0
46.080 43985776,0
46.080 44009064,0
46.082 44034812,1
46.083 44035220,0
46.085 44035264,1
46.085 44035388,0
46.085 44035404,1
46.088 44035416,0
46.088 44035428,0
46.088 44035448,1
46.091 44035460,0
46.091 44035648,0
46.093 44035660,0
46.093 44035780,0
46.093 44035856,0
46.096 44035868,0
46.096 44036944,1
46.096 44036968,0
46.099 44037048,1
46.099 44037064,1
46.101 44037116,0
46.102 44037280,0
46.102 44037584,1
46.104 44037620,0
46.104 44037712,0
46.104 44037724,0
46.107 44037740,0
46.107 44037752,0
46.110 44037788,1
46.110 44037800,0
46.110 44037816,0
46.112 44037872,1
46.112 44037884,0
46.112 44037928,0
46.115 44037944,0
46.115 44038012,0
46.118 44038024,0
46.118 44038036,1
46.118 44038052,1
46.121 44038124,0
46.121 44038180,1
46.121 44038320,0
46.123 44038492,0
46.123 44038512,1
46.126 44068772,0
46.126 44069728,1
46.126 44070208,0
46.129 44071188,1
46.129 44071352,0
46.129 44072396,1
46.131 44072820,0
46.132 44073744,1
46.134 44073788,0
46.134 44073848,1
46.134 44073860,1
46.137 44073876,0
46.137 44073896,1
46.137 44074028,0
46.140 44074848,1
46.140 44074864,1
46.142 44075064,0
46.142 44076264,1
46.142 44076456,0
46.145 44081940,0
46.145 44081952,0
46.145 44081980,1
46.148 44082224,0
46.148 44082692,0
46.150 44082704,1
46.151 44082716,1
46.151 44083120,0
46.153 44083196,1
46.153 44083216,0
46.153 44086856,0
46.156 44086868,0
46.156 44086884,0
46.159 44086896,1
46.159 44102664,0
46.159 44102972,1
46.161 44103664,0
46.161 44103860,0
46.161 44103872,1
46.164 44103892,0
46.164 44103984,1
46.167 44104520,0
46.167 44104856,0
46.167 44104868,0
46.169 44104884,0
46.170 44105112,0
46.170 44105128,0
46.172 44105240,1
46.172 44105252,0
46.175 44105392,1
46.175 44105516,1
46.175 44105684,0
46.178 44106116,0
46.178 44106132,0
46.178 44106144,0
46.180 44127736,1
46.180 44127836,0
46.183 44127904,1
46.183 44127956,0
46.183 44128200,0
46.186 44128212,0
46.186 44128348,0
46.186 44128360,1
46.188 44128376,1
46.189 44128464,0
46.191 44128508,1
46.191 44128560,0
46.191 44128704,0
46.194 44128900,1
46.194 44128980,1
46.194 44128992,0
46.197 44129064,0
46.197 44129076,0
46.199 44129096,0
46.199 44129108,0
46.199 44129152,1
46.202 44129772,0
46.202 44129968,1
46.202 44129984,0
46.205 44130096,1
46.205 44131228,0
46.208 44131240,0
46.208 44131364,1
46.208 44132132,0
46.210 44132144,0
46.210 44132204,1
46.210 44132244,0
46.213 44132256,1
46.213 44132268,1
46.216 44132284,1
46.216 44132296,1
46.216 44132376,0
46.218 44132388,0
46.219 44132416,1
46.219 44132428,1
46.221 44132496,0
46.221 44132528,1
46.224 44132540,1
46.224 44133016,0
46.224 44133072,0
46.227 44133088,1
46.227 44133100,1
46.227 44133940,0
46.229 44134792,1
46.229 44135704,0
46.232 44136772,0
46.232 44137828,0
46.232 44138784,1
46.235 44139856,0
46.235 44141152,0
46.235 44141928,0
46.237 44143236,0
46.238 44143920,0
46.240 44144900,0
46.240 44145940,0
46.240 44146956,0
46.243 44147996,0
46.243 44149036,0
46.243 44150020,0
46.246 44151036,0
46.246 44152036,0
46.248 44153060,0
46.248 44154068,0
46.248 44155088,0
46.251 44156476,1
46.251 44157484,1
46.251 44158484,1
46.254 44159496,1
46.254 44178512,1
46.256 44178560,0
46.256 44179024,1
46.257 44179088,0
46.259 44180400,1
46.259 44180576,0
46.259 44181104,1
46.262 44181124,0
46.262 44181408,1
46.265 44181548,0
46.265 44183812,1
46.265 44183924,0
46.267 44184276,1
46.268 44184480,0
46.268 44184708,1
46.270 44185148,0
46.270 44185816,1
46.273 44185840,0
46.273 44186124,1
46.273 44232752,0
46.276 44233252,1
46.276 44233476,0
46.276 44233488,0
46.278 44233516,0
46.278 44233528,0
46.281 44233540,0
46.281 44233556,0
46.281 44233568,0
46.284 44233588,0
46.284 44233600,0
46.284 44233616,0
46.286 44233628,0
46.287 44233640,1
46.289 44233652,1
46.289 44233840,0
46.289 44234204,0
46.292 44234216,1
46.292 44234232,1
46.292 44234296,1
46.295 44234308,1
46.295 44234420,0
46.297 44234512,1
46.297 44234716,0
46.297 44234752,0
46.300 44234764,1
46.300 44234776,1
46.300 44234796,0
46.303 44234816,1
46.303 44235544,0
46.305 44236084,1
46.306 44236100,0
46.306 44236112,0
46.308 44236572,1
46.308 44236756,0
46.308 44240220,0
46.311 44240232,0
46.311 44240308,1
46.314 44240796,0
46.314 44264808,1
46.314 44266860,0
46.316 44267168,1
46.316 44267880,0
46.317 44268204,1
46.319 44268716,0
46.319 44269056,1
46.322 44269316,0
46.322 44292856,1
46.322 44292892,0
46.324 44294024,1
46.324 44294040,1
46.325 44294072,0
46.327 44294436,0
46.327 44294452,1
46.330 44294464,1
46.330 44294476,1
46.330 44294520,0
46.333 44294924,0
46.333 44294940,0
46.333 44294952,0
46.335 44294980,0
46.336 44294992,0
46.338 44295192,1
46.338 44295204,0
46.338 44295320,1
46.341 44296404,0
46.341 44296460,1
46.341 44296540,0
46.344 44296596,1
46.344 44296720,0
46.346 44296732,1
46.346 44296936,0
46.346 44296964,1
46.349 44296980,1
46.349 44297036,0
46.349 44297108,1
46.352 44297176,0
46.352 44297240,1
46.354 44298180,0
46.355 44298192,0
46.355 44298252,1
46.357 44298520,0
46.357 44298552,1
46.357 44298908,0
46.360 44298984,1
46.360 44299020,0
46.363 44299060,1
46.363 44299200,0
46.363 44299240,1
46.366 44299256,0
46.366 44299276,1
46.366 44299288,1
46.368 44299496,0
46.368 44299560,1
46.371 44299744,0
46.371 44299756,0
46.371 44300060,1
46.373 44300072,1
46.374 44301192,0
46.374 44301292,1
46.376 44301476,0
46.376 44301488,0
46.379 44301504,0
46.379 44301540,1
46.379 44302236,0
46.382 44302316,1
46.382 44302536,0
46.382 44302680,1
46.384 44302720,0
46.384 44302908,1
46.387 44303176,0
46.387 44303188,1
46.387 44303224,0
46.390 44303320,0
46.390 44303336,0
46.390 44303352,1
46.393 44303364,1
46.393 44303376,1
46.395 44304000,0
46.395 44304012,0
46.395 44304092,0
46.398 44304184,1
46.398 44304196,1
46.398 44305028,0
46.401 44306060,0
46.401 44388852,0
46.403 44388880,0
46.404 44388892,0
46.404 44388904,0
46.406 44388920,0
46.406 44389036,1
46.406 44390728,0
46.409 44390740,0
46.409 44390776,0
46.412 44390788,0
46.412 44390932,0
46.412 44391020,0
46.414 44391032,1
46.414 44391044,1
46.414 44391920,0
46.417 44392184,1
46.417 44392196,1
46.420 44392692,0
46.420 44392712,1
46.420 44392828,0
46.422 44392904,1
46.423 44393380,0
46.423 44393392,0
46.425 44393404,1
46.425 44393420,0
46.428 44393432,1
46.428 44393444,0
46.428 44393648,1
46.431 44394428,0
46.431 44394724,1
46.431 44394752,1
46.433 44394764,1
46.433 44395148,0
46.436 44395296,0
46.436 44395312,1
46.436 44395324,1
46.439 44395664,0
46.439 44395828,0
46.439 44395840,0
46.442 44395876,1
46.442 44395892,0
46.444 44396044,1
46.444 44397028,0
46.444 44397260,1
46.447 44398100,0
46.447 44398112,0
46.447 44398496,1
46.450 44398508,0
46.450 44398580,1
46.452 44398648,0
46.452 44398748,1
46.453 44398892,0
46.455 44399144,1
46.455 44399344,0
46.455 44400396,0
46.458 44400408,0
46.458 44400420,1
46.461 44400696,0
46.461 44411752,1
46.461 44412328,0
46.463 44413252,1
46.463 44413564,0
46.463 44414728,1
46.466 44414916,0
46.466 44415580,1
46.469 44416316,0
46.469 44416768,1
46.469 44418872,0
46.471 44419404,1
46.471 44420228,0
46.471 44420632,1
46.474 44420644,1
46.474 44422756,0
46.477 44422776,1
46.477 44422792,0
46.477 44426744,1
46.480 44427200,0
46.480 44427240,1
46.480 44428436,0
46.482 44429648,1
46.482 44431132,0
46.485 44431440,1
46.485 44432220,0
46.485 44432516,1
46.488 44432992,1
46.488 44433004,1
46.488 44433092,0
46.491 44433424,1
46.491 44433512,0
46.494 44433928,1
46.494 44434196,0
46.494 44435212,1
46.496 44435232,0
46.496 44458256,0
46.496 44458284,1
46.499 44458308,0
46.499 44458948,0
46.501 44459460,1
46.501 44459648,0
46.501 44459724,1
46.504 44459740,0
46.504 44459752,0
46.504 44459764,0
46.507 44459776,0
46.507 44460068,0
46.509 44460080,1
46.510 44460320,0
46.510 44460448,0
46.512 44460460,0
46.512 44460572,1
46.512 44461616,0
46.515 44461696,1
46.515 44461972,0
46.518 44461988,1
46.518 44462264,0
46.518 44462364,1
46.520 44462432,0
46.520 44462448,0
46.520 44462500,1
46.523 44463464,0
46.523 44463520,1
46.526 44463532,1
46.526 44463716,0
46.526 44463796,1
46.529 44465020,0
46.529 44465248,1
46.529 44465260,0
46.531 44465320,1
46.531 44465336,1
46.534 44466848,0
46.534 44466904,1
46.534 44467132,0
46.537 44467208,1
46.537 44467584,0
46.537 44467800,0
46.539 44467812,1
46.539 44467824,1
46.542 44467900,0
46.542 44467964,1
46.542 44467976,1
46.545 44468248,0
46.545 44468336,1
46.545 44468424,0
46.548 44468504,1
46.548 44468876,0
46.550 44468976,1
46.550 44469004,0
46.550 44469124,1
46.553 44469148,1
46.553 44469160,1
46.553 44469172,1
46.556 44469184,1
46.556 44469388,0
46.558 44469428,1
46.559 44469560,0
46.559 44469744,0
46.561 44469756,0
46.561 44469772,0
46.561 44469788,0
46.564 44469800,1
46.564 44470280,0
46.567 44471316,0
46.567 44472356,0
46.567 44473324,0
46.570 44474396,0
46.570 44475412,0
46.570 44476424,0
46.572 44477448,0
46.572 44478472,0
46.575 44479496,0
46.575 44480460,0
46.575 44481480,0
46.578 44482872,1
46.578 44483516,0
46.578 44484932,1
46.580 44485916,0
46.580 44506076,1
46.583 44506192,0
46.583 44506476,1
46.583 44506520,0
46.586 44507100,1
46.586 44507212,0
46.586 44507480,1
46.588 44507820,0
46.589 44507876,1
46.591 44508244,0
46.591 44508416,1
46.591 44552288,0
46.594 44552972,1
46.594 44553108,0
46.594 44553120,0
46.597 44553160,1
46.597 44553172,1
46.599 44553408,1
46.599 44553420,1
46.599 44553436,0
46.602 44553448,0
46.602 44553460,0
46.602 44553472,0
46.605 44553496,0
46.605 44553508,0
46.607 44553520,0
46.607 44553536,0
46.608 44553548,0
46.610 44554020,1
46.610 44554724,0
46.610 44555740,1
46.613 44555752,1
46.613 44555804,0
46.616 44555820,0
46.616 44556960,1
46.616 44557104,0
46.618 44558180,1
46.618 44558352,0
46.619 44572236,1
46.621 44572628,0
46.621 44573080,1
46.624 44580684,1
46.624 44580700,0
46.624 44580712,1
46.627 44580724,0
46.627 44580736,0
46.627 44583956,1
46.629 44583968,1
46.629 44583980,1
46.632 44586576,0
46.632 44586588,0
46.632 44586872,1
46.635 44586888,1
46.635 44587556,0
46.635 44587752,0
46.637 44587764,1
46.638 44587776,1
46.640 44587796,0
46.640 44587888,1
46.640 44588488,0
46.643 44589316,0
46.643 44589328,0
46.643 44612044,0
46.646 44612056,0
46.646 44612072,1
46.648 44612116,0
46.648 44612936,1
46.648 44612952,1
46.651 44613012,0
46.651 44613228,1
46.651 44613256,0
46.654 44613492,1
46.654 44613560,0
46.656 44613616,1
46.657 44613632,1
46.657 44613720,0
46.659 44613732,0
46.659 44613744,0
46.659 44613844,0
46.662 44613856,0
46.662 44613868,0
46.665 44613884,0
46.665 44613896,1
46.665 44613924,0
46.667 44614144,1
46.667 44614176,1
46.667 44614188,0
46.670 44614272,1
46.670 44614328,0
46.673 44614408,1
46.673 44614444,0
46.673 44614544,1
46.675 44615784,0
46.675 44615840,1
46.675 44615916,0
46.678 44615964,1
46.678 44616576,0
46.681 44616632,1
46.681 44616940,0
46.681 44616952,0
46.684 44616976,1
46.684 44617228,0
46.684 44617284,1
46.686 44617640,0
46.686 44617716,1
46.689 44617728,0
46.689 44617744,0
46.689 44617772,1
46.692 44617924,0
46.692 44618004,1
46.692 44619112,0
46.695 44619200,1
46.695 44619352,0
46.697 44619500,1
46.697 44620412,0
46.697 44620480,1
46.700 44621588,0
46.700 44621676,1
46.700 44622276,0
46.703 44622292,0
46.703 44622400,1
46.705 44622492,0
46.706 44622584,0
46.706 44622596,1
46.708 44622608,0
46.708 44622624,0
46.708 44622700,1
46.711 44623496,0
46.711 44623600,1
46.714 44623816,0
46.714 44623888,1
46.714 44624112,0
46.716 44624132,1
46.716 44624292,0
46.716 44624384,1
46.719 44624396,0
46.719 44626556,0
46.722 44626624,1
46.722 44627608,0
46.722 44628464,1
46.725 44629464,1
46.725 44630476,0
46.725 44670772,0
46.727 44671104,0
46.727 44671160,1
46.730 44671484,0
46.730 44672532,0
46.730 44672548,0
46.733 44672596,1
46.733 44672612,0
46.733 44672624,1
46.735 44709708,0
46.735 44709724,0
46.738 44709736,0
46.738 44709748,0
46.738 44710052,1
46.741 44710080,0
46.741 44710140,1
46.741 44710180,0
46.743 44711060,1
46.744 44711088,0
46.746 44711104,0
46.746 44711628,0
46.746 44711640,1
46.749 44711652,1
46.749 44711664,0
46.749 44711680,1
46.752 44711692,0
46.752 44711704,0
46.754 44711720,0
46.754 44711732,0
46.755 44711744,0
46.757 44711756,0
46.757 44711772,0
46.757 44711800,0
46.760 44711812,0
46.760 44711824,0
46.763 44711840,0
46.763 44711852,0
46.763 44711864,0
46.765 44711876,0
46.765 44711892,0
46.765 44711904,0
46.768 44711916,1
46.768 44711928,0
46.771 44711944,1
46.771 44711956,1
46.771 44712052,0
46.773 44712088,0
46.774 44712100,0
46.774 44712116,1
46.776 44712128,0
46.776 44712148,0
46.779 44712160,0
46.779 44712172,0
46.779 44712204,0
46.782 44712216,0
46.782 44712660,1
46.782 44712672,0
46.784 44712684,0
46.784 44712696,0
46.787 44712712,0
46.787 44712784,0
46.787 44712812,1
46.790 44712828,1
46.790 44712840,0
46.790 44712880,1
46.792 44713096,0
46.793 44713120,1
46.795 44713200,0
46.795 44713212,0
46.795 44713224,0
46.798 44713240,0
46.798 44713252,0
46.798 44719152,0
46.801 44719172,0
46.801 44719204,0
46.803 44719236,0
46.803 44719248,0
46.803 44719300,0
46.806 44719564,1
46.806 44719628,0
46.806 44719664,1
46.809 44719696,0
46.809 44719752,0
46.811 44719772,0
46.812 44719784,0
46.812 44719892,0
46.814 44719956,0
46.814 44720468,0
46.814 44721392,0
46.817 44740308,0
46.817 44740420,0
46.820 44740748,0
46.820 44740760,0
46.820 44740804,1
46.822 44742004,0
46.822 44742248,1
46.822 44745400,0
46.825 44745484,1
46.825 44745860,0
46.828 44745928,0
46.828 44745940,0
46.828 44745952,0
46.831 44745964,0
46.831 44745980,0
46.831 44745992,0
46.833 44746020,0
46.833 44746036,0
46.836 44746048,1
46.836 44746176,0
46.836 44746212,1
46.839 44746264,0
46.839 44746296,1
46.839 44746332,0
46.841 44746912,1
46.842 44748112,1
46.844 44749664,0
46.844 44749960,1
46.844 44750868,0
46.847 44752092,1
46.847 44753024,0
46.847 44753988,1
46.850 44775944,0
46.850 44776084,1
46.852 44776148,0
46.852 44776180,0
46.852 44776820,0
46.855 44776832,0
46.855 44776844,0
46.855 44776868,0
46.858 44776884,0
46.858 44777232,0
46.860 44777244,0
46.861 44777260,0
46.861 44777480,1
46.863 44777532,0
46.863 44777544,0
46.863 44777620,1
46.866 44777632,0
46.866 44777744,0
46.869 44777756,1
46.869 44777948,0
46.869 44777960,0
46.871 44777976,0
46.871 44777988,0
46.871 44779352,0
46.874 44779400,1
46.874 44780672,0
46.877 44781460,0
46.877 44782600,0
46.877 44784184,0
46.879 44784832,0
46.880 44785780,0
46.880 44786744,0
46.882 44787732,1
46.882 44788840,0
46.885 44790560,1
46.885 44790764,0
46.885 44791704,1
46.888 44792740,1
46.888 44793776,1
46.888 44794760,1
46.890 44795980,0
46.891 44797044,1
46.893 44798076,0
46.893 44799776,0
46.893 44800776,0
46.896 44827556,0
46.896 44827568,0
46.896 44827852,0
46.899 44827864,0
46.899 44828176,0
46.901 44828188,0
46.901 44828592,0
46.901 44828720,0
46.904 44828792,1
46.904 44828804,0
46.904 44828872,0
46.907 44828884,0
46.907 44829372,0
46.909 44829524,0
46.910 44829536,0
46.910 44829608,1
46.912 44829620,0
46.912 44829636,0
46.912 44830052,0
46.915 44830076,0
46.915 44830088,0
46.918 44830152,0
46.918 44830196,1
46.918 44830208,0
46.920 44830312,1
46.920 44830324,0
46.920 44830336,0
46.923 44830400,1
46.923 44830424,0
46.926 44830448,1
46.926 44831440,0
46.926 44832644,1
46.928 44833488,0
46.929 44837172,0
46.929 44837224,1
46.931 44837560,0
46.931 44837620,1
46.934 44838624,1
46.934 44839696,0
46.934 44840856,0
46.937 44841752,0
46.937 44842688,1
46.937 44856224,0
46.939 44856252,0
46.939 44856264,1
46.942 44856336,0
46.942 44856352,0
46.942 44856364,0
46.945 44856376,1
46.945 44856392,0
46.945 44856404,0
46.948 44856416,1
46.948 44856428,1
46.950 44856444,0
46.950 44856464,0
46.950 44857516,0
46.953 44866180,0
46.953 44866444,0
46.953 44866456,1
46.956 44866468,1
46.956 44866524,0
46.958 44866536,0
46.958 44866552,0
46.958 44867260,0
46.961 44867272,1
46.961 44867288,0
46.961 44868580,0
46.964 44869228,0
46.964 44870972,1
46.967 44877220,1
46.967 44877232,1
46.967 44894452,0
46.969 44894468,0
46.969 44898840,1
46.969 44900652,0
46.972 44900952,1
46.972 44901688,0
46.975 44901860,1
46.975 44901872,1
46.975 44901884,0
46.977 44901980,1
46.978 44901992,1
46.978 44902448,1
46.980 44902464,0
46.980 44902476,0
46.983 44902560,0
46.984 44902572,0
46.984 44902588,0
46.986 44902772,1
46.986 44903096,0
46.986 44904072,1
46.988 44904156,0
46.988 44926968,1
46.991 44927024,0
46.991 44927116,1
46.991 44927128,1
46.994 44927304,0
46.994 44927592,1
46.994 44927632,0
46.996 44927732,0
46.997 44927744,1
46.999 44927948,0
46.999 44928300,0
46.999 44928316,0
47.002 44928328,0
47.002 44928432,0
47.002 44928444,0
47.005 44928520,1
47.005 44928764,0
47.007 44928908,1
47.007 44929080,0
47.008 44929152,1
47.010 44929240,0
47.010 44929292,1
47.010 44929528,0
47.013 44929576,1
47.013 44929760,0
47.015 44929796,1
47.016 44929808,1
47.016 44929824,1
47.018 44930524,0
47.018 44930580,1
47.018 44930696,1
47.021 44930708,1
47.021 44930824,0
47.024 44930884,1
47.024 44931568,0
47.024 44931612,1
47.026 44931624,1
47.026 44932700,0
47.027 44933996,0
47.029 44935668,0
47.029 44935832,1
47.032 44937356,0
47.032 44937580,1
47.032 44938600,0
47.034 44939896,0
47.035 44940704,1
47.035 44941584,0
47.037 44942776,1
47.037 44943796,0
47.040 44944704,0
47.040 44945792,0
47.040 44946692,0
47.043 44947980,0
47.043 44948896,1
47.043 44951396,0
47.045 44951408,0
47.046 44968596,1
47.048 44968640,0
47.048 44969492,1
47.048 44970160,0
47.051 44972012,1
47.051 44972132,0
47.051 44972900,1
47.054 44973032,0
47.054 44973376,1
47.056 44974072,0
47.056 44974300,1
47.056 44985576,0
47.059 44985688,0
47.059 44985700,0
47.059 44985716,1
47.062 44987544,1
47.062 44987556,1
47.064 44987568,0
47.065 44987580,0
47.065 44992844,1
47.067 44992856,1
47.067 44993188,0
47.067 44993340,1
47.070 44993596,0
47.070 44993740,1
47.073 44994328,0
47.073 44994724,1
47.073 44994736,1
47.075 44994976,0
47.075 44995112,1
47.075 44995408,0
47.078 44995552,1
47.078 44995564,1
47.081 44995684,0
47.081 44996500,0
47.081 44996524,1
47.083 44996536,1
47.084 44996568,0
47.084 44996664,1
47.086 44996740,0
47.086 44997216,1
47.089 44997436,0
47.089 44998064,0
47.089 44998076,0
47.092 44998124,0
47.092 44998136,0
47.092 44999204,0
47.094 45000236,0
47.094 45001052,1
47.097 45002136,0
47.097 45002932,1
47.097 45007432,0
47.100 45007444,1
47.100 45007460,1
47.100 45015976,0
47.102 45016080,1
47.103 45016888,0
47.105 45017156,1
47.105 45017952,0
47.105 45018560,0
47.108 45018572,1
47.108 45018584,0
47.108 45019412,0
47.111 45019424,1
47.111 45019436,1
47.114 45019784,0
47.114 45020336,0
47.114 45020368,0
47.116 45022896,0
47.116 45022912,0
47.116 45024064,1
47.119 45024272,0
47.119 45026644,0
47.122 45026656,0
47.122 45029444,0
47.122 45029456,0
47.124 45029480,1
47.124 45054264,1
47.124 45054284,1
47.127 45055892,0
47.127 45056068,1
47.130 45056080,1
47.130 45056112,0
47.130 45056192,1
47.132 45056988,1
47.133 45057004,0
47.133 45057096,0
47.135 45057108,0
47.135 45057120,0
47.138 45057260,1
47.138 45057272,1
47.138 45057808,0
47.141 45058156,1
47.141 45058168,1
47.141 45058284,0
47.143 45058676,1
47.143 45058896,0
47.146 45058908,1
47.146 45058920,1
47.146 45058940,0
47.149 45061896,0
47.149 45061908,0
47.149 45082824,1
47.152 45082888,1
47.152 45082900,1
47.154 45082928,0
47.154 45082980,0
47.154 45082992,0
47.157 45083284,1
47.157 45083308,0
47.157 45083476,1
47.160 45083512,1
47.160 45083528,1
47.162 45083672,0
47.163 45083960,0
47.163 45083972,0
47.165 45083984,0
47.165 45083996,0
47.165 45084228,0
47.168 45084240,1
47.168 45084280,0
47.171 45084524,1
47.171 45084552,0
47.171 45084716,1
47.173 45084732,0
47.173 45084744,1
47.174 45084756,1
47.176 45084780,0
47.176 45084864,1
47.179 45084904,0
47.179 45085000,1
47.179 45085676,0
47.181 45086604,0
47.182 45087524,0
47.182 45088460,1
47.184 45089624,0
47.184 45090708,0
47.187 45091560,1
47.187 45092540,0
47.187 45093620,0
47.190 45094940,1
47.190 45095884,1
47.190 45096656,1
47.192 45097664,0
47.192 45130080,1
47.195 45130852,0
47.195 45132824,0
47.195 45132836,0
47.198 45132976,1
47.198 45133420,0
47.198 45133452,1
47.200 45133656,0
47.201 45133680,1
47.203 45167456,0
47.203 45167488,0
47.203 45167500,1
47.206 45167512,1
47.206 45171656,0
47.206 45171668,0
47.208 45171680,0
47.209 45172180,1
47.211 45172504,0
47.211 45172516,0
47.212 45172656,1
47.214 45172668,1
47.214 45172748,0
47.214 45172760,0
47.217 45173564,0
47.217 45173580,0
47.220 45173592,0
47.220 45173672,1
47.220 45173708,0
47.222 45173904,1
47.222 45173916,0
47.222 45173932,1
47.225 45174368,0
47.225 45174876,1
47.228 45175056,0
47.228 45175072,0
47.228 45175100,1
47.230 45175564,0
47.231 45175876,0
47.231 45175892,0
47.233 45175904,0
47.233 45175932,1
47.236 45176260,0
47.236 45176356,1
47.236 45176384,1
47.239 45176396,1
47.239 45176688,0
47.239 45176940,0
47.241 45177000,0
47.241 45177012,0
47.244 45177108,1
47.244 45177576,0
47.244 45177600,1
47.247 45178004,0
47.247 45178332,1
47.247 45178864,0
47.250 45178912,1
47.250 45179200,0
47.252 45179624,1
47.252 45180000,0
47.252 45180048,1
47.255 45180060,0
47.255 45180148,0
47.255 45180164,0
47.258 45180192,1
47.258 45180520,0
47.260 45180908,1
47.260 45181092,0
47.260 45181288,0
47.263 45181300,0
47.263 45181564,1
47.263 45181712,0
47.266 45182852,1
47.266 45182956,0
47.268 45184012,1
47.269 45184260,0
47.269 45186544,1
47.271 45186600,0
47.271 45187632,1
47.271 45187748,0
47.274 45203668,1
47.274 45205144,0
47.277 45205328,1
47.277 45205348,0
47.277 45205440,1
47.279 45206192,0
47.279 45206484,1
47.279 45207200,0
47.282 45207212,0
47.282 45207560,1
47.285 45207828,0
47.285 45228884,0
47.285 45228896,1
47.288 45228908,1
47.288 45228940,0
47.288 45229032,0
47.290 45229044,1
47.290 45229236,0
47.293 45229492,0
47.293 45229504,1
47.293 45229524,0
47.296 45229536,0
47.296 45229648,0
47.296 45229664,1
47.298 45229884,0
47.299 45230372,0
47.301 45230384,1
47.301 45230400,0
47.301 45230412,1
47.304 45230424,1
47.304 45230844,0
47.304 45230868,1
47.307 45230880,0
47.307 45230896,1
47.309 45230908,1
47.309 45230976,0
47.309 45231060,1
47.312 45231096,0
47.312 45231196,1
47.312 45232636,0
47.315 45232648,0
47.315 45232788,0
47.317 45232800,0
47.318 45232840,1
47.318 45233872,1
47.320 45233884,0
47.320 45233896,0
47.320 45233996,1
47.323 45234008,1
47.323 45234104,0
47.326 45234152,1
47.326 45235248,0
47.326 45235332,1
47.328 45236316,0
47.328 45236368,1
47.328 45236492,0
47.331 45236576,0
47.331 45237724,0
47.334 45238500,0
47.334 45239868,0
47.334 45240580,0
47.337 45241588,0
47.337 45242532,0
47.337 45243528,1
47.339 45244520,0
47.339 45245560,0
47.342 45246644,0
47.342 45247644,0
47.342 45283060,1
47.345 45283444,0
47.345 45284012,1
47.345 45284692,0
47.347 45286652,0
47.347 45286664,0
47.350 45289092,1
47.350 45289124,0
47.350 45289160,0
47.353 45289172,0
47.353 45289504,0
47.353 45289528,1
47.356 45289540,0
47.356 45289568,0
47.358 45289600,1
47.358 45289620,0
47.358 45289632,0
47.361 45289648,0
47.361 45289660,0
47.361 45289672,1
47.364 45289684,0
47.364 45289700,0
47.366 45289712,0
47.367 45289724,1
47.367 45289776,1
47.369 45289788,1
47.369 45289824,1
47.369 45289836,0
47.372 45289848,0
47.372 45289860,0
47.375 45289884,0
47.375 45289896,1
47.375 45290012,0
47.377 45290024,0
47.377 45290048,0
47.377 45290112,0
47.380 45290124,1
47.380 45290136,0
47.383 45290152,0
47.383 45290188,1
47.383 45315080,0
47.385 45315104,1
47.386 45315116,0
47.386 45315164,1
47.388 45315180,1
47.388 45315192,1
47.391 45319252,0
47.391 45319268,0
47.391 45319280,0
47.394 45319292,0
47.394 45319332,1
47.394 45319344,1
47.396 45319488,0
47.396 45319512,0
47.399 45319524,0
47.399 45319540,1
47.399 45319556,0
47.402 45319568,0
47.402 45319580,0
47.402 45319596,0
47.404 45319608,1
47.405 45319948,0
47.407 45319984,0
47.407 45320468,0
47.407 45320480,1
47.410 45321064,0
47.410 45321812,1
47.410 45321824,1
47.413 45321996,0
47.413 45322052,1
47.415 45322756,0
47.415 45323532,0
47.415 45323548,0
47.418 45323560,0
47.418 45324912,1
47.418 45327284,1
47.421 45327376,0
47.421 45328648,0
47.424 45328660,0
47.424 45329448,0
47.424 45336332,0
47.426 45336344,0
47.426 45336360,1
47.426 45336504,0
47.429 45341288,1
47.429 45341320,0
47.432 45341404,1
47.432 45353468,0
47.432 45356968,0
47.434 45356980,0
47.434 45357024,1
47.435 45358068,0
47.437 45359704,1
47.437 45361020,0
47.440 45361320,1
47.440 45362000,0
47.440 45362212,0
47.442 45362224,0
47.443 45362340,1
47.443 45362672,0
47.445 45382572,1
47.445 45382632,0
47.448 45382724,1
47.448 45382888,0
47.448 45382952,1
47.451 45382964,0
47.451 45383184,0
47.451 45383196,0
47.453 45383364,1
47.454 45383592,0
47.456 45383676,1
47.456 45383696,1
47.456 45383712,0
47.459 45383904,0
47.459 45383916,0
47.459 45384036,1
47.462 45384248,0
47.462 45384612,1
47.464 45384624,1
47.464 45384684,1
47.464 45384696,1
47.467 45384724,0
47.467 45384736,0
47.467 45384820,1
47.470 45384832,0
47.470 45384952,1
47.472 45386448,0
47.473 45386512,1
47.473 45386568,0
47.475 45386600,1
47.475 45386728,0
47.475 45386740,1
47.478 45386844,0
47.478 45386892,1
47.481 45387100,0
47.481 45387152,1
47.481 45387352,0
47.483 45388500,0
47.483 45389600,0
47.484 45390816,0
47.486 45391500,0
47.486 45392504,0
47.489 45393648,0
47.489 45394852,0
47.489 45395788,0
47.492 45396876,0
47.492 45397672,0
47.492 45398636,1
47.494 45399836,0
47.494 45400952,0
47.497 45401684,0
47.497 45402720,0
47.497 45405552,0
47.500 45405568,0
47.500 45406048,1
47.500 45407052,1
47.502 45446136,0
47.503 45447328,0
47.505 45447340,0
47.505 45447540,0
47.505 45447552,0
47.508 45447836,0
47.508 45447868,1
47.508 45478400,0
47.511 45478428,1
47.511 45478692,0
47.513 45479300,1
47.513 45479312,1
47.513 45479672,0
47.516 45480184,1
47.516 45480196,1
47.516 45480320,0
47.519 45480564,0
47.519 45480576,0
47.521 45480880,1
47.522 45480920,0
47.522 45480948,0
47.524 45480960,0
47.524 45481012,0
47.524 45481024,0
47.527 45481044,0
47.527 45481256,1
47.530 45481272,1
47.530 45481288,0
47.530 45481340,1
47.532 45481696,0
47.532 45488548,0
47.532 45488564,0
47.535 45488584,1
47.535 45488828,0
47.538 45489880,0
47.538 45489892,0
47.538 45489936,0
47.541 45489976,0
47.541 45489988,0
47.541 45490044,0
47.543 45491224,0
47.543 45491336,1
47.546 45491348,0
47.546 45491376,0
47.546 45491388,0
47.549 45492688,0
47.549 45492700,0
47.549 45493856,0
47.551 45493924,0
47.551 45493936,0
47.554 45493952,0
47.554 45493964,0
47.554 45495128,0
47.557 45495140,0
47.557 45495168,0
47.557 45495180,0
47.560 45495280,1
47.560 45495296,0
47.562 45502436,0
47.563 45502448,0
47.563 45502520,1
47.565 45502536,0
47.565 45502548,1
47.565 45502560,0
47.568 45504324,1
47.568 45504336,0
47.570 45510316,1
47.571 45511668,0
47.571 45511856,1
47.573 45511880,0
47.573 45511972,1
47.573 45513008,0
47.576 45513264,1
47.576 45513436,0
47.579 45513788,1
47.579 45513800,0
47.579 45513812,0
47.581 45513912,0
47.581 45513924,0
47.581 45513940,1
47.584 45513956,1
47.584 45514064,0
47.587 45514088,0
47.587 45514104,0
47.587 45514116,0
47.589 45514128,0
47.590 45514396,1
47.590 45514424,0
47.592 45514464,1
47.592 45514512,0
47.595 45514640,1
47.595 45514660,0
47.595 45534212,1
47.598 45534272,0
47.598 45534364,1
47.598 45534532,0
47.600 45534544,0
47.600 45534836,0
47.603 45534852,0
47.603 45534864,0
47.603 45535004,1
47.606 45535032,0
47.606 45535132,1
47.606 45535176,0
47.608 45535316,0
47.608 45535532,1
47.611 45535544,0
47.611 45535556,1
47.611 45535592,0
47.614 45535676,0
47.614 45535692,1
47.614 45535704,1
47.617 45536268,0
47.617 45536344,1
47.619 45536444,0
47.619 45536464,1
47.619 45536476,1
47.622 45536492,1
47.622 45537872,0
47.622 45537912,1
47.625 45538088,0
47.625 45538100,0
47.627 45538136,1
47.627 45539364,0
47.627 45539416,1
47.630 45539848,0
47.630 45539904,1
47.630 45539956,0
47.633 45540048,1
47.633 45540276,0
47.636 45540380,0
47.636 45541436,0
47.636 45542408,0
47.638 45543952,0
47.639 45544524,0
47.639 45545444,0
47.641 45546672,1
47.641 45547564,1
47.644 45548648,1
47.644 45549664,1
47.644 45550540,0
47.647 45551640,1
47.647 45553484,0
47.647 45553692,0
47.649 45589380,1
47.649 45589420,0
47.652 45589888,1
47.652 45589920,0
47.652 45591076,1
47.655 45591252,0
47.655 45591588,1
47.655 45654300,0
47.657 45654320,1
47.658 45654364,0
47.660 45654376,1
47.660 45654484,0
47.660 45654504,0
47.663 45654520,0
47.663 45654532,0
47.663 45654564,0
47.666 45654576,0
47.666 45654588,0
47.668 45655068,0
47.668 45655084,0
47.668 45655148,1
47.671 45655208,1
47.671 45655220,1
47.671 45655780,0
47.674 45655800,0
47.674 45655812,1
47.677 45655884,0
47.677 45661100,1
47.677 45666420,0
47.679 45666796,1
47.679 45667020,0
47.679 45667212,1
47.682 45669292,0
47.682 45669336,1
47.685 45669384,0
47.685 45669428,0
47.685 45669468,0
47.687 45669480,0
47.687 45669504,1
47.688 45669532,0
47.690 45669544,0
47.690 45669560,0
47.693 45669572,0
47.693 45669628,0
47.693 45669640,0
47.695 45669652,0
47.695 45669672,1
47.696 45669784,0
47.698 45669816,1
47.698 45669896,0
47.701 45669936,1
47.701 45670000,0
47.701 45670012,0
47.704 45670028,0
47.704 45670148,0
47.704 45670164,0
47.706 45670192,0
47.707 45670208,0
47.709 45670236,0
47.709 45670248,0
47.709 45670260,0
47.712 45670280,0
47.712 45670292,0
47.712 45670352,0
47.715 45670368,0
47.715 45670392,0
47.717 45670404,0
47.717 45670684,0
47.717 45670696,0
47.720 45670756,1
47.720 45670788,0
47.720 45670860,0
47.723 45670872,0
47.723 45670892,0
47.725 45670908,0
47.726 45670920,0
47.726 45670940,0
47.728 45670952,0
47.728 45670980,1
47.728 45671032,0
47.731 45671052,1
47.731 45671100,0
47.734 45671168,0
47.734 45671180,0
47.734 45671204,0
47.736 45671216,0
47.736 45671236,0
47.737 45671252,0
47.739 45671272,0
47.739 45671284,0
47.742 45671296,1
47.742 45671412,0
47.742 45671444,0
47.744 45671456,0
47.745 45671496,0
47.745 45671508,0
47.747 45671532,0
47.747 45671548,1
47.750 #OVERFLOW
48.511 46680432,0
48.511 46680600,0
48.514 46680616,0
48.514 46680628,0
48.514 46680640,0
48.516 46680760,0
48.516 46680772,0
48.516 46680824,0
48.519 46680836,1
48.519 46680848,1
48.522 46681012,0
48.522 46681028,0
48.522 46681148,1
48.525 46681160,0
48.525 46681176,0
48.525 46681244,0
48.527 46681316,0
48.527 46681744,0
48.530 46681756,0
48.672 46842052,1
48.673 46842804,0
48.677 46843304,1
48.677 46843556,0
48.818 46987208,1
48.818 46988588,1
48.821 46988604,1
48.821 46988656,0
48.821 46988812,1
48.823 46990668,0
48.824 46990872,0
48.824 46990888,0
48.826 46991256,0
48.826 46991276,1
48.831 46992744,0
48.831 46993124,1
48.831 46993136,1
48.836 47005760,1
48.836 47005772,1
48.839 47005784,0
48.839 47005796,0
48.839 47005812,1
48.842 47007060,0
48.842 47007104,1
48.842 47007312,0
48.844 47007368,1
48.844 47008344,0
48.847 47008364,0
48.847 47008376,0
48.847 47008388,0
48.850 47008488,1
48.850 47009888,0
48.850 47009904,1
48.853 47015396,0
48.853 47015724,1
48.855 47015736,0
48.855 47015764,1
48.855 47015816,0
48.858 47015944,1
48.858 47017404,0
48.858 47017544,1
48.861 47017556,1
48.861 47017660,0
48.864 47018016,0
48.864 47018028,0
48.864 47018064,1
48.866 47035604,0
48.866 47035616,0
48.867 47036004,0
48.869 47036016,1
48.869 47036028,1
48.872 47036044,1
48.872 47036056,1
48.872 47038780,0
48.875 47039104,1
